Archive member included because of file (symbol)

c:/developing/stm32/sourcery_codebench_lite_for_arm_eabi/bin/../lib/gcc/arm-none-eabi/4.8.1/thumb2\libgcc.a(_arm_addsubdf3.o)
                              ./User/algorithm.o (__aeabi_dsub)
c:/developing/stm32/sourcery_codebench_lite_for_arm_eabi/bin/../lib/gcc/arm-none-eabi/4.8.1/thumb2\libgcc.a(_arm_muldivdf3.o)
                              ./User/algorithm.o (__aeabi_dmul)
c:/developing/stm32/sourcery_codebench_lite_for_arm_eabi/bin/../lib/gcc/arm-none-eabi/4.8.1/thumb2\libgcc.a(_arm_fixdfsi.o)
                              ./User/algorithm.o (__aeabi_d2iz)
c:/developing/stm32/sourcery_codebench_lite_for_arm_eabi/bin/../lib/gcc/arm-none-eabi/4.8.1/thumb2\libgcc.a(_arm_fixunsdfsi.o)
                              ./main.o (__aeabi_d2uiz)
c:/developing/stm32/sourcery_codebench_lite_for_arm_eabi/bin/../lib/gcc/arm-none-eabi/4.8.1/../../../../arm-none-eabi/lib/thumb2\libc.a(lib_a-init.o)
                              ./GNU/startup_stm32l1xx_md.o (__libc_init_array)
c:/developing/stm32/sourcery_codebench_lite_for_arm_eabi/bin/../lib/gcc/arm-none-eabi/4.8.1/../../../../arm-none-eabi/lib/thumb2\libm.a(lib_a-s_floor.o)
                              ./User/algorithm.o (floor)
c:/developing/stm32/sourcery_codebench_lite_for_arm_eabi/bin/../lib/gcc/arm-none-eabi/4.8.1/thumb2\libgcc.a(_arm_cmpdf2.o)
                              c:/developing/stm32/sourcery_codebench_lite_for_arm_eabi/bin/../lib/gcc/arm-none-eabi/4.8.1/../../../../arm-none-eabi/lib/thumb2\libm.a(lib_a-s_floor.o) (__aeabi_dcmpgt)

Allocating common symbols
Common symbol       size              file

lutindex            0x2               ./main.o
TTB                 0xc               ./main.o
DAC_InitStructure   0x10              ./main.o
ADC_values          0x18              ./main.o
GPIO_InitStructure  0x8               ./main.o
DACNVIC_InitStructure
                    0x4               ./main.o
DAC1OutputData      0x2               ./main.o

Discarded input sections

 .text          0x00000000        0x0 c:/developing/stm32/sourcery_codebench_lite_for_arm_eabi/bin/../lib/gcc/arm-none-eabi/4.8.1/thumb2/crti.o
 .data          0x00000000        0x0 c:/developing/stm32/sourcery_codebench_lite_for_arm_eabi/bin/../lib/gcc/arm-none-eabi/4.8.1/thumb2/crti.o
 .bss           0x00000000        0x0 c:/developing/stm32/sourcery_codebench_lite_for_arm_eabi/bin/../lib/gcc/arm-none-eabi/4.8.1/thumb2/crti.o
 .data          0x00000000        0x4 c:/developing/stm32/sourcery_codebench_lite_for_arm_eabi/bin/../lib/gcc/arm-none-eabi/4.8.1/thumb2/crtbegin.o
 .group         0x00000000        0x8 ./User/algorithm.o
 .group         0x00000000        0x8 ./User/algorithm.o
 .group         0x00000000        0x8 ./User/algorithm.o
 .group         0x00000000        0x8 ./User/algorithm.o
 .group         0x00000000        0x8 ./User/algorithm.o
 .group         0x00000000        0x8 ./User/algorithm.o
 .group         0x00000000        0x8 ./User/algorithm.o
 .group         0x00000000        0x8 ./User/algorithm.o
 .group         0x00000000        0x8 ./User/algorithm.o
 .group         0x00000000        0x8 ./User/algorithm.o
 .group         0x00000000        0x8 ./User/algorithm.o
 .group         0x00000000        0x8 ./User/algorithm.o
 .group         0x00000000        0x8 ./User/algorithm.o
 .text          0x00000000        0x0 ./User/algorithm.o
 .data          0x00000000        0x0 ./User/algorithm.o
 .bss           0x00000000        0x0 ./User/algorithm.o
 .text.rangeScaleLinear
                0x00000000       0x38 ./User/algorithm.o
 .text.rangeScaleVoltPerOclave
                0x00000000      0x1c4 ./User/algorithm.o
 .debug_info    0x00000000      0x1bd ./User/algorithm.o
 .debug_abbrev  0x00000000       0xd8 ./User/algorithm.o
 .debug_aranges
                0x00000000       0x28 ./User/algorithm.o
 .debug_ranges  0x00000000       0x18 ./User/algorithm.o
 .debug_macro   0x00000000       0xd1 ./User/algorithm.o
 .debug_macro   0x00000000      0x85c ./User/algorithm.o
 .debug_macro   0x00000000       0x52 ./User/algorithm.o
 .debug_macro   0x00000000       0x16 ./User/algorithm.o
 .debug_macro   0x00000000       0x35 ./User/algorithm.o
 .debug_macro   0x00000000       0xa2 ./User/algorithm.o
 .debug_macro   0x00000000      0x20e ./User/algorithm.o
 .debug_macro   0x00000000       0x10 ./User/algorithm.o
 .debug_macro   0x00000000       0x3a ./User/algorithm.o
 .debug_macro   0x00000000       0x52 ./User/algorithm.o
 .debug_macro   0x00000000       0x16 ./User/algorithm.o
 .debug_macro   0x00000000       0x19 ./User/algorithm.o
 .debug_macro   0x00000000      0x19c ./User/algorithm.o
 .debug_macro   0x00000000      0x1e1 ./User/algorithm.o
 .debug_line    0x00000000      0x28a ./User/algorithm.o
 .debug_str     0x00000000     0x50bd ./User/algorithm.o
 .comment       0x00000000       0x31 ./User/algorithm.o
 .ARM.attributes
[...]
Memory Configuration

Name             Origin             Length             Attributes
FLASH            0x08000000         0x00020000         xr
RAM              0x20000000         0x00004000         xrw
MEMORY_B1        0x60000000         0x00000000         xr
*default*        0x00000000         0xffffffff

Linker script and memory map

LOAD c:/developing/stm32/sourcery_codebench_lite_for_arm_eabi/bin/../lib/gcc/arm-none-eabi/4.8.1/thumb2/crti.o
LOAD c:/developing/stm32/sourcery_codebench_lite_for_arm_eabi/bin/../lib/gcc/arm-none-eabi/4.8.1/thumb2/crtbegin.o
                0x00001000                malloc_getpagesize_P = 0x1000
LOAD ./User/algorithm.o
LOAD ./User/resources.o
LOAD ./User/stm32l1xx_it.o
LOAD ./STM32L1xx_StdPeriph_Driver/src/misc.o
LOAD ./STM32L1xx_StdPeriph_Driver/src/stm32l1xx_adc.o
LOAD ./STM32L1xx_StdPeriph_Driver/src/stm32l1xx_aes.o
LOAD ./STM32L1xx_StdPeriph_Driver/src/stm32l1xx_aes_util.o
LOAD ./STM32L1xx_StdPeriph_Driver/src/stm32l1xx_comp.o
LOAD ./STM32L1xx_StdPeriph_Driver/src/stm32l1xx_crc.o
LOAD ./STM32L1xx_StdPeriph_Driver/src/stm32l1xx_dac.o
LOAD ./STM32L1xx_StdPeriph_Driver/src/stm32l1xx_dbgmcu.o
LOAD ./STM32L1xx_StdPeriph_Driver/src/stm32l1xx_dma.o
LOAD ./STM32L1xx_StdPeriph_Driver/src/stm32l1xx_exti.o
LOAD ./STM32L1xx_StdPeriph_Driver/src/stm32l1xx_flash.o
LOAD ./STM32L1xx_StdPeriph_Driver/src/stm32l1xx_flash_ramfunc.o
LOAD ./STM32L1xx_StdPeriph_Driver/src/stm32l1xx_fsmc.o
LOAD ./STM32L1xx_StdPeriph_Driver/src/stm32l1xx_gpio.o
LOAD ./STM32L1xx_StdPeriph_Driver/src/stm32l1xx_i2c.o
LOAD ./STM32L1xx_StdPeriph_Driver/src/stm32l1xx_iwdg.o
LOAD ./STM32L1xx_StdPeriph_Driver/src/stm32l1xx_lcd.o
LOAD ./STM32L1xx_StdPeriph_Driver/src/stm32l1xx_opamp.o
LOAD ./STM32L1xx_StdPeriph_Driver/src/stm32l1xx_pwr.o
LOAD ./STM32L1xx_StdPeriph_Driver/src/stm32l1xx_rcc.o
LOAD ./STM32L1xx_StdPeriph_Driver/src/stm32l1xx_rtc.o
LOAD ./STM32L1xx_StdPeriph_Driver/src/stm32l1xx_sdio.o
LOAD ./STM32L1xx_StdPeriph_Driver/src/stm32l1xx_spi.o
LOAD ./STM32L1xx_StdPeriph_Driver/src/stm32l1xx_syscfg.o
LOAD ./STM32L1xx_StdPeriph_Driver/src/stm32l1xx_tim.o
LOAD ./STM32L1xx_StdPeriph_Driver/src/stm32l1xx_usart.o
LOAD ./STM32L1xx_StdPeriph_Driver/src/stm32l1xx_wwdg.o
LOAD ./GNU/startup_stm32l1xx_md.o
LOAD ./CMSIS/src/system_stm32l1xx.o
LOAD ./main.o
START GROUP
LOAD c:/developing/stm32/sourcery_codebench_lite_for_arm_eabi/bin/../lib/gcc/arm-none-eabi/4.8.1/thumb2\libgcc.a
LOAD c:/developing/stm32/sourcery_codebench_lite_for_arm_eabi/bin/../lib/gcc/arm-none-eabi/4.8.1/../../../../arm-none-eabi/lib/thumb2\libc.a
END GROUP
LOAD c:/developing/stm32/sourcery_codebench_lite_for_arm_eabi/bin/../lib/gcc/arm-none-eabi/4.8.1/thumb2/crtend.o
LOAD c:/developing/stm32/sourcery_codebench_lite_for_arm_eabi/bin/../lib/gcc/arm-none-eabi/4.8.1/thumb2/crtn.o
                0x20004000                _estack = 0x20004000
                0x00000000                _Min_Heap_Size = 0x0
                0x00000080                _Min_Stack_Size = 0x80

.isr_vector     0x08000000      0x10c
                0x08000000                . = ALIGN (0x4)
 *(.isr_vector)
 .isr_vector    0x08000000      0x10c ./GNU/startup_stm32l1xx_md.o
                0x08000000                g_pfnVectors
                0x0800010c                . = ALIGN (0x4)

.text           0x0800010c     0x285c
                0x0800010c                . = ALIGN (0x4)
 *(.text)
 .text          0x0800010c       0xc8 c:/developing/stm32/sourcery_codebench_lite_for_arm_eabi/bin/../lib/gcc/arm-none-eabi/4.8.1/thumb2/crtbegin.o
 .text          0x080001d4      0x370 c:/developing/stm32/sourcery_codebench_lite_for_arm_eabi/bin/../lib/gcc/arm-none-eabi/4.8.1/thumb2\libgcc.a(_arm_addsubdf3.o)
                0x080001d4                __aeabi_drsub
                0x080001dc                __aeabi_dsub
                0x080001dc                __subdf3
                0x080001e0                __aeabi_dadd
                0x080001e0                __adddf3
                0x08000458                __floatunsidf
                0x08000458                __aeabi_ui2d
                0x08000478                __floatsidf
                0x08000478                __aeabi_i2d
                0x0800049c                __aeabi_f2d
                0x0800049c                __extendsfdf2
                0x080004d8                __floatundidf
                0x080004d8                __aeabi_ul2d
                0x080004e8                __floatdidf
                0x080004e8                __aeabi_l2d
 .text          0x08000544      0x424 c:/developing/stm32/sourcery_codebench_lite_for_arm_eabi/bin/../lib/gcc/arm-none-eabi/4.8.1/thumb2\libgcc.a(_arm_muldivdf3.o)
                0x08000544                __aeabi_dmul
                0x08000544                __muldf3
                0x08000798                __divdf3
                0x08000798                __aeabi_ddiv
 .text          0x08000968       0x40 c:/developing/stm32/sourcery_codebench_lite_for_arm_eabi/bin/../lib/gcc/arm-none-eabi/4.8.1/thumb2\libgcc.a(_arm_fixunsdfsi.o)
                0x08000968                __aeabi_d2uiz
                0x08000968                __fixunsdfsi
 .text          0x080009a8       0x5c c:/developing/stm32/sourcery_codebench_lite_for_arm_eabi/bin/../lib/gcc/arm-none-eabi/4.8.1/../../../../arm-none-eabi/lib/thumb2\libc.a(lib_a-init.o)
                0x080009a8                __libc_init_array
 *(.text*)
 .text.NMI_Handler
                0x08000a04        0xc ./User/stm32l1xx_it.o
                0x08000a04                NMI_Handler
 .text.HardFault_Handler
                0x08000a10        0x8 ./User/stm32l1xx_it.o
                0x08000a10                HardFault_Handler
 .text.MemManage_Handler
                0x08000a18        0x8 ./User/stm32l1xx_it.o
                0x08000a18                MemManage_Handler
 .text.BusFault_Handler
                0x08000a20        0x8 ./User/stm32l1xx_it.o
                0x08000a20                BusFault_Handler
 .text.UsageFault_Handler
                0x08000a28        0x8 ./User/stm32l1xx_it.o
                0x08000a28                UsageFault_Handler
 .text.SVC_Handler
                0x08000a30        0xc ./User/stm32l1xx_it.o
                0x08000a30                SVC_Handler
 .text.DebugMon_Handler
                0x08000a3c        0xc ./User/stm32l1xx_it.o
                0x08000a3c                DebugMon_Handler
 .text.PendSV_Handler
                0x08000a48        0xc ./User/stm32l1xx_it.o
                0x08000a48                PendSV_Handler
 .text.SysTick_Handler
                0x08000a54       0x10 ./User/stm32l1xx_it.o
                0x08000a54                SysTick_Handler
 .text.NVIC_Init
                0x08000a64       0xcc ./STM32L1xx_StdPeriph_Driver/src/misc.o
                0x08000a64                NVIC_Init
 .text.ADC_Init
                0x08000b30       0xac ./STM32L1xx_StdPeriph_Driver/src/stm32l1xx_adc.o
                0x08000b30                ADC_Init
 .text.ADC_Cmd  0x08000bdc       0x38 ./STM32L1xx_StdPeriph_Driver/src/stm32l1xx_adc.o
                0x08000bdc                ADC_Cmd
 .text.ADC_RegularChannelConfig
                0x08000c14      0x2c0 ./STM32L1xx_StdPeriph_Driver/src/stm32l1xx_adc.o
                0x08000c14                ADC_RegularChannelConfig
 .text.ADC_SoftwareStartConv
                0x08000ed4       0x20 ./STM32L1xx_StdPeriph_Driver/src/stm32l1xx_adc.o
                0x08000ed4                ADC_SoftwareStartConv
 .text.ADC_DMACmd
                0x08000ef4       0x38 ./STM32L1xx_StdPeriph_Driver/src/stm32l1xx_adc.o
                0x08000ef4                ADC_DMACmd
 .text.DAC_Init
                0x08000f2c       0x6c ./STM32L1xx_StdPeriph_Driver/src/stm32l1xx_dac.o
                0x08000f2c                DAC_Init
 .text.DAC_Cmd  0x08000f98       0x5c ./STM32L1xx_StdPeriph_Driver/src/stm32l1xx_dac.o
                0x08000f98                DAC_Cmd
 .text.DAC_SetChannel1Data
                0x08000ff4       0x34 ./STM32L1xx_StdPeriph_Driver/src/stm32l1xx_dac.o
                0x08000ff4                DAC_SetChannel1Data
 .text.DMA_DeInit
                0x08001028      0x218 ./STM32L1xx_StdPeriph_Driver/src/stm32l1xx_dma.o
                0x08001028                DMA_DeInit
 .text.DMA_Init
                0x08001240       0x7c ./STM32L1xx_StdPeriph_Driver/src/stm32l1xx_dma.o
                0x08001240                DMA_Init
 .text.DMA_Cmd  0x080012bc       0x38 ./STM32L1xx_StdPeriph_Driver/src/stm32l1xx_dma.o
                0x080012bc                DMA_Cmd
 .text.DMA_ITConfig
                0x080012f4       0x3c ./STM32L1xx_StdPeriph_Driver/src/stm32l1xx_dma.o
                0x080012f4                DMA_ITConfig
 .text.GPIO_Init
                0x08001330      0x128 ./STM32L1xx_StdPeriph_Driver/src/stm32l1xx_gpio.o
                0x08001330                GPIO_Init
 .text.GPIO_StructInit
                0x08001458       0x34 ./STM32L1xx_StdPeriph_Driver/src/stm32l1xx_gpio.o
                0x08001458                GPIO_StructInit
 .text.GPIO_WriteBit
                0x0800148c       0x30 ./STM32L1xx_StdPeriph_Driver/src/stm32l1xx_gpio.o
                0x0800148c                GPIO_WriteBit
 .text.RCC_AHBPeriphClockCmd
                0x080014bc       0x50 ./STM32L1xx_StdPeriph_Driver/src/stm32l1xx_rcc.o
                0x080014bc                RCC_AHBPeriphClockCmd
 .text.RCC_APB2PeriphClockCmd
                0x0800150c       0x50 ./STM32L1xx_StdPeriph_Driver/src/stm32l1xx_rcc.o
                0x0800150c                RCC_APB2PeriphClockCmd
 .text.RCC_APB1PeriphClockCmd
                0x0800155c       0x50 ./STM32L1xx_StdPeriph_Driver/src/stm32l1xx_rcc.o
                0x0800155c                RCC_APB1PeriphClockCmd
 .text.TIM_TimeBaseInit
                0x080015ac       0xac ./STM32L1xx_StdPeriph_Driver/src/stm32l1xx_tim.o
                0x080015ac                TIM_TimeBaseInit
 .text.TIM_Cmd  0x08001658       0x40 ./STM32L1xx_StdPeriph_Driver/src/stm32l1xx_tim.o
                0x08001658                TIM_Cmd
 .text.TIM_ITConfig
                0x08001698       0x48 ./STM32L1xx_StdPeriph_Driver/src/stm32l1xx_tim.o
                0x08001698                TIM_ITConfig
 .text.TIM_GetITStatus
                0x080016e0       0x54 ./STM32L1xx_StdPeriph_Driver/src/stm32l1xx_tim.o
                0x080016e0                TIM_GetITStatus
 .text.TIM_ClearITPendingBit
                0x08001734       0x20 ./STM32L1xx_StdPeriph_Driver/src/stm32l1xx_tim.o
                0x08001734                TIM_ClearITPendingBit
 .text.TIM_SelectOutputTrigger
                0x08001754       0x38 ./STM32L1xx_StdPeriph_Driver/src/stm32l1xx_tim.o
                0x08001754                TIM_SelectOutputTrigger
 .text.Reset_Handler
                0x0800178c       0x48 ./GNU/startup_stm32l1xx_md.o
                0x0800178c                Reset_Handler
 .text.Default_Handler
                0x080017d4        0x2 ./GNU/startup_stm32l1xx_md.o
                0x080017d4                RTC_Alarm_IRQHandler
                0x080017d4                EXTI2_IRQHandler
                0x080017d4                TIM10_IRQHandler
                0x080017d4                USB_HP_IRQHandler
                0x080017d4                TIM6_IRQHandler
                0x080017d4                PVD_IRQHandler
                0x080017d4                EXTI3_IRQHandler
                0x080017d4                EXTI0_IRQHandler
                0x080017d4                I2C2_EV_IRQHandler
                0x080017d4                SPI1_IRQHandler
                0x080017d4                USB_FS_WKUP_IRQHandler
                0x080017d4                DMA1_Channel4_IRQHandler
                0x080017d4                ADC1_IRQHandler
                0x080017d4                USART3_IRQHandler
                0x080017d4                DMA1_Channel7_IRQHandler
                0x080017d4                LCD_IRQHandler
                0x080017d4                TIM4_IRQHandler
                0x080017d4                I2C1_EV_IRQHandler
                0x080017d4                DMA1_Channel6_IRQHandler
                0x080017d4                TIM3_IRQHandler
                0x080017d4                RCC_IRQHandler
                0x080017d4                DMA1_Channel1_IRQHandler
                0x080017d4                Default_Handler
                0x080017d4                EXTI15_10_IRQHandler
                0x080017d4                TIM7_IRQHandler
                0x080017d4                EXTI9_5_IRQHandler
                0x080017d4                TIM9_IRQHandler
                0x080017d4                TAMPER_STAMP_IRQHandler
                0x080017d4                RTC_WKUP_IRQHandler
                0x080017d4                SPI2_IRQHandler
                0x080017d4                DMA1_Channel5_IRQHandler
                0x080017d4                USB_LP_IRQHandler
                0x080017d4                EXTI4_IRQHandler
                0x080017d4                DMA1_Channel3_IRQHandler
                0x080017d4                COMP_IRQHandler
                0x080017d4                WWDG_IRQHandler
                0x080017d4                DAC_IRQHandler
                0x080017d4                EXTI1_IRQHandler
                0x080017d4                TIM11_IRQHandler
                0x080017d4                USART2_IRQHandler
                0x080017d4                I2C2_ER_IRQHandler
                0x080017d4                DMA1_Channel2_IRQHandler
                0x080017d4                FLASH_IRQHandler
                0x080017d4                USART1_IRQHandler
                0x080017d4                I2C1_ER_IRQHandler
 *fill*         0x080017d6        0x2 
 .text.SystemInit
                0x080017d8       0xac ./CMSIS/src/system_stm32l1xx.o
                0x080017d8                SystemInit
 .text.SetSysClock
                0x08001884      0x1d8 ./CMSIS/src/system_stm32l1xx.o
 .text.NVIC_EnableIRQ
                0x08001a5c       0x34 ./main.o
 .text.NVIC_SetPriority
                0x08001a90       0x58 ./main.o
 .text.main     0x08001ae8      0x100 ./main.o
                0x08001ae8                main
 .text.TimingDelay_Decrement
                0x08001be8       0x30 ./main.o
                0x08001be8                TimingDelay_Decrement
 .text.InitDAC  0x08001c18      0x17c ./main.o
                0x08001c18                InitDAC
 .text.InitADC  0x08001d94       0xf4 ./main.o
                0x08001d94                InitADC
 .text.InitDMA  0x08001e88       0xcc ./main.o
                0x08001e88                InitDMA
 .text.TIM2_IRQHandler
                0x08001f54      0x1fc ./main.o
                0x08001f54                TIM2_IRQHandler
 *(.rodata)
 *(.rodata*)
 .rodata.Sine1024_12bit
                0x08002150      0x800 ./User/resources.o
                0x08002150                Sine1024_12bit
 *(.glue_7)
 .glue_7        0x00000000        0x0 linker stubs
 *(.glue_7t)
 .glue_7t       0x00000000        0x0 linker stubs
 *(.eh_frame)
 .eh_frame      0x08002950        0x0 c:/developing/stm32/sourcery_codebench_lite_for_arm_eabi/bin/../lib/gcc/arm-none-eabi/4.8.1/thumb2/crtbegin.o
 *(.init)
 .init          0x08002950        0x4 c:/developing/stm32/sourcery_codebench_lite_for_arm_eabi/bin/../lib/gcc/arm-none-eabi/4.8.1/thumb2/crti.o
                0x08002950                _init
 .init          0x08002954        0x8 c:/developing/stm32/sourcery_codebench_lite_for_arm_eabi/bin/../lib/gcc/arm-none-eabi/4.8.1/thumb2/crtn.o
 *(.fini)
 .fini          0x0800295c        0x4 c:/developing/stm32/sourcery_codebench_lite_for_arm_eabi/bin/../lib/gcc/arm-none-eabi/4.8.1/thumb2/crti.o
                0x0800295c                _fini
 .fini          0x08002960        0x8 c:/developing/stm32/sourcery_codebench_lite_for_arm_eabi/bin/../lib/gcc/arm-none-eabi/4.8.1/thumb2/crtn.o
                0x08002968                . = ALIGN (0x4)
                0x08002968                _etext = .

.vfp11_veneer   0x08002968        0x0
 .vfp11_veneer  0x00000000        0x0 linker stubs

.v4_bx          0x08002968        0x0
 .v4_bx         0x00000000        0x0 linker stubs

.iplt           0x08002968        0x0
 .iplt          0x00000000        0x0 c:/developing/stm32/sourcery_codebench_lite_for_arm_eabi/bin/../lib/gcc/arm-none-eabi/4.8.1/thumb2/crtbegin.o

.rel.dyn        0x08002968        0x0
 .rel.iplt      0x00000000        0x0 c:/developing/stm32/sourcery_codebench_lite_for_arm_eabi/bin/../lib/gcc/arm-none-eabi/4.8.1/thumb2/crtbegin.o

.ARM.extab
 *(.ARM.extab* .gnu.linkonce.armextab.*)

.ARM            0x08002968        0x0
                0x08002968                __exidx_start = .
 *(.ARM.exidx*)
                0x08002968                __exidx_end = .

.preinit_array  0x08002968        0x0
                0x08002968                PROVIDE (__preinit_array_start, .)
 *(.preinit_array*)
                0x08002968                PROVIDE (__preinit_array_end, .)

.init_array     0x08002968        0x4
                0x08002968                PROVIDE (__init_array_start, .)
 *(SORT(.init_array.*))
 *(.init_array*)
 .init_array    0x08002968        0x4 c:/developing/stm32/sourcery_codebench_lite_for_arm_eabi/bin/../lib/gcc/arm-none-eabi/4.8.1/thumb2/crtbegin.o
                0x0800296c                PROVIDE (__init_array_end, .)

.fini_array     0x0800296c        0x4
                0x0800296c                PROVIDE (__fini_array_start, .)
 *(.fini_array*)
 .fini_array    0x0800296c        0x4 c:/developing/stm32/sourcery_codebench_lite_for_arm_eabi/bin/../lib/gcc/arm-none-eabi/4.8.1/thumb2/crtbegin.o
 *(SORT(.fini_array.*))
                0x08002970                PROVIDE (__fini_array_end, .)
                0x08002970                _sidata = .

.data           0x20000000       0x10 load address 0x08002970
                0x20000000                . = ALIGN (0x4)
                0x20000000                _sdata = .
 *(.data)
 *(.data*)
 .data.R        0x20000000        0x2 ./main.o
                0x20000000                R
 *fill*         0x20000002        0x2 
 .data.accumulator1r
                0x20000004        0x4 ./main.o
                0x20000004                accumulator1r
 .data.accumulator2r
                0x20000008        0x4 ./main.o
                0x20000008                accumulator2r
 .data.accumulator3r
                0x2000000c        0x4 ./main.o
                0x2000000c                accumulator3r
                0x20000010                . = ALIGN (0x4)
                0x20000010                _edata = .

.jcr            0x20000010        0x0 load address 0x08002980
 .jcr           0x20000010        0x0 c:/developing/stm32/sourcery_codebench_lite_for_arm_eabi/bin/../lib/gcc/arm-none-eabi/4.8.1/thumb2/crtbegin.o

.tm_clone_table
                0x20000010        0x0 load address 0x08002980
 .tm_clone_table
                0x20000010        0x0 c:/developing/stm32/sourcery_codebench_lite_for_arm_eabi/bin/../lib/gcc/arm-none-eabi/4.8.1/thumb2/crtbegin.o
 .tm_clone_table
                0x20000010        0x0 c:/developing/stm32/sourcery_codebench_lite_for_arm_eabi/bin/../lib/gcc/arm-none-eabi/4.8.1/thumb2/crtend.o

.igot.plt       0x20000010        0x0 load address 0x08002980
 .igot.plt      0x00000000        0x0 c:/developing/stm32/sourcery_codebench_lite_for_arm_eabi/bin/../lib/gcc/arm-none-eabi/4.8.1/thumb2/crtbegin.o
                0x20000010                . = ALIGN (0x4)

.bss            0x20000010       0x80 load address 0x08002980
                0x20000010                _sbss = .
                0x20000010                __bss_start__ = _sbss
 *(.bss)
 .bss           0x20000010       0x1c c:/developing/stm32/sourcery_codebench_lite_for_arm_eabi/bin/../lib/gcc/arm-none-eabi/4.8.1/thumb2/crtbegin.o
 *(.bss*)
 .bss.accumulator1
                0x2000002c        0x4 ./main.o
                0x2000002c                accumulator1
 .bss.accumulator1angle
                0x20000030        0x2 ./main.o
                0x20000030                accumulator1angle
 .bss.accumulator1step
                0x20000032        0x2 ./main.o
                0x20000032                accumulator1step
 .bss.accumulator2
                0x20000034        0x4 ./main.o
                0x20000034                accumulator2
 .bss.accumulator2angle
                0x20000038        0x2 ./main.o
                0x20000038                accumulator2angle
 .bss.accumulator2step
                0x2000003a        0x2 ./main.o
                0x2000003a                accumulator2step
 .bss.accumulator3
                0x2000003c        0x4 ./main.o
                0x2000003c                accumulator3
 .bss.accumulator3angle
                0x20000040        0x2 ./main.o
                0x20000040                accumulator3angle
 .bss.accumulator3step
                0x20000042        0x2 ./main.o
                0x20000042                accumulator3step
 .bss.TimingDelay
                0x20000044        0x4 ./main.o
 *(COMMON)
 COMMON         0x20000048       0x46 ./main.o
                0x20000048                lutindex
                0x2000004c                TTB
                0x20000058                DAC_InitStructure
                0x20000068                ADC_values
                0x20000080                GPIO_InitStructure
                0x20000088                DACNVIC_InitStructure
                0x2000008c                DAC1OutputData
                0x20000090                . = ALIGN (0x4)
 *fill*         0x2000008e        0x2 
                0x20000090                _ebss = .
                0x20000090                __bss_end__ = _ebss
                0x20000090                PROVIDE (end, _ebss)
                0x20000090                PROVIDE (_end, _ebss)

._user_heap_stack
                0x20000090       0x80 load address 0x08002a00
                0x20000090                . = ALIGN (0x4)
                0x20000090                . = (. + _Min_Heap_Size)
                0x20000110                . = (. + _Min_Stack_Size)
 *fill*         0x20000090       0x80 
                0x20000110                . = ALIGN (0x4)

.memory_b1_text
 *(.mb1text)
 *(.mb1text*)
 *(.mb1rodata)
 *(.mb1rodata*)

/DISCARD/
 libc.a(*)
 libm.a(*)
 libgcc.a(*)

.ARM.attributes
                0x00000000       0x27
 *(.ARM.attributes)
 .ARM.attributes
                0x00000000       0x19 c:/developing/stm32/sourcery_codebench_lite_for_arm_eabi/bin/../lib/gcc/arm-none-eabi/4.8.1/thumb2/crti.o
 .ARM.attributes
                0x00000019       0x29 c:/developing/stm32/sourcery_codebench_lite_for_arm_eabi/bin/../lib/gcc/arm-none-eabi/4.8.1/thumb2/crtbegin.o
 .ARM.attributes
                0x00000042       0x33 ./User/resources.o
 .ARM.attributes
                0x00000075       0x33 ./User/stm32l1xx_it.o
 .ARM.attributes
                0x000000a8       0x33 ./STM32L1xx_StdPeriph_Driver/src/misc.o
 .ARM.attributes
                0x000000db       0x33 ./STM32L1xx_StdPeriph_Driver/src/stm32l1xx_adc.o
 .ARM.attributes
                0x0000010e       0x33 ./STM32L1xx_StdPeriph_Driver/src/stm32l1xx_dac.o
 .ARM.attributes
                0x00000141       0x33 ./STM32L1xx_StdPeriph_Driver/src/stm32l1xx_dma.o
 .ARM.attributes
                0x00000174       0x33 ./STM32L1xx_StdPeriph_Driver/src/stm32l1xx_gpio.o
 .ARM.attributes
                0x000001a7       0x33 ./STM32L1xx_StdPeriph_Driver/src/stm32l1xx_rcc.o
 .ARM.attributes
                0x000001da       0x33 ./STM32L1xx_StdPeriph_Driver/src/stm32l1xx_tim.o
 .ARM.attributes
                0x0000020d       0x21 ./GNU/startup_stm32l1xx_md.o
 .ARM.attributes
                0x0000022e       0x33 ./CMSIS/src/system_stm32l1xx.o
 .ARM.attributes
                0x00000261       0x33 ./main.o
 .ARM.attributes
                0x00000294       0x19 c:/developing/stm32/sourcery_codebench_lite_for_arm_eabi/bin/../lib/gcc/arm-none-eabi/4.8.1/thumb2\libgcc.a(_arm_addsubdf3.o)
 .ARM.attributes
                0x000002ad       0x19 c:/developing/stm32/sourcery_codebench_lite_for_arm_eabi/bin/../lib/gcc/arm-none-eabi/4.8.1/thumb2\libgcc.a(_arm_muldivdf3.o)
 .ARM.attributes
                0x000002c6       0x19 c:/developing/stm32/sourcery_codebench_lite_for_arm_eabi/bin/../lib/gcc/arm-none-eabi/4.8.1/thumb2\libgcc.a(_arm_fixunsdfsi.o)
 .ARM.attributes
                0x000002df       0x29 c:/developing/stm32/sourcery_codebench_lite_for_arm_eabi/bin/../lib/gcc/arm-none-eabi/4.8.1/../../../../arm-none-eabi/lib/thumb2\libc.a(lib_a-init.o)
 .ARM.attributes
                0x00000308       0x29 c:/developing/stm32/sourcery_codebench_lite_for_arm_eabi/bin/../lib/gcc/arm-none-eabi/4.8.1/thumb2/crtend.o
 .ARM.attributes
                0x00000331       0x19 c:/developing/stm32/sourcery_codebench_lite_for_arm_eabi/bin/../lib/gcc/arm-none-eabi/4.8.1/thumb2/crtn.o
OUTPUT(STM32L100DACTest.elf elf32-littlearm)

.debug_info     0x00000000     0x5ce5
 .debug_info    0x00000000      0x14a ./User/resources.o
 .debug_info    0x0000014a      0x145 ./User/stm32l1xx_it.o
 .debug_info    0x0000028f      0x524 ./STM32L1xx_StdPeriph_Driver/src/misc.o
 .debug_info    0x000007b3      0xc85 ./STM32L1xx_StdPeriph_Driver/src/stm32l1xx_adc.o
 .debug_info    0x00001438      0x616 ./STM32L1xx_StdPeriph_Driver/src/stm32l1xx_dac.o
 .debug_info    0x00001a4e      0x45a ./STM32L1xx_StdPeriph_Driver/src/stm32l1xx_dma.o
 .debug_info    0x00001ea8      0x61f ./STM32L1xx_StdPeriph_Driver/src/stm32l1xx_gpio.o
 .debug_info    0x000024c7      0x9eb ./STM32L1xx_StdPeriph_Driver/src/stm32l1xx_rcc.o
 .debug_info    0x00002eb2     0x194a ./STM32L1xx_StdPeriph_Driver/src/stm32l1xx_tim.o
 .debug_info    0x000047fc       0x78 ./GNU/startup_stm32l1xx_md.o
 .debug_info    0x00004874      0x522 ./CMSIS/src/system_stm32l1xx.o
 .debug_info    0x00004d96      0xf4f ./main.o

.debug_abbrev   0x00000000      0xfbc
 .debug_abbrev  0x00000000       0x7a ./User/resources.o
 .debug_abbrev  0x0000007a       0x9a ./User/stm32l1xx_it.o
 .debug_abbrev  0x00000114      0x14a ./STM32L1xx_StdPeriph_Driver/src/misc.o
 .debug_abbrev  0x0000025e      0x183 ./STM32L1xx_StdPeriph_Driver/src/stm32l1xx_adc.o
 .debug_abbrev  0x000003e1      0x181 ./STM32L1xx_StdPeriph_Driver/src/stm32l1xx_dac.o
 .debug_abbrev  0x00000562      0x15a ./STM32L1xx_StdPeriph_Driver/src/stm32l1xx_dma.o
 .debug_abbrev  0x000006bc      0x1a8 ./STM32L1xx_StdPeriph_Driver/src/stm32l1xx_gpio.o
 .debug_abbrev  0x00000864      0x1e8 ./STM32L1xx_StdPeriph_Driver/src/stm32l1xx_rcc.o
 .debug_abbrev  0x00000a4c      0x1b5 ./STM32L1xx_StdPeriph_Driver/src/stm32l1xx_tim.o
 .debug_abbrev  0x00000c01       0x12 ./GNU/startup_stm32l1xx_md.o
 .debug_abbrev  0x00000c13      0x14a ./CMSIS/src/system_stm32l1xx.o
 .debug_abbrev  0x00000d5d      0x25f ./main.o

.debug_aranges  0x00000000      0x850
 .debug_aranges
                0x00000000       0x18 ./User/resources.o
 .debug_aranges
                0x00000018       0x60 ./User/stm32l1xx_it.o
 .debug_aranges
                0x00000078       0x40 ./STM32L1xx_StdPeriph_Driver/src/misc.o
 .debug_aranges
                0x000000b8      0x148 ./STM32L1xx_StdPeriph_Driver/src/stm32l1xx_adc.o
 .debug_aranges
                0x00000200       0xa0 ./STM32L1xx_StdPeriph_Driver/src/stm32l1xx_dac.o
 .debug_aranges
                0x000002a0       0x70 ./STM32L1xx_StdPeriph_Driver/src/stm32l1xx_dma.o
 .debug_aranges
                0x00000310       0x88 ./STM32L1xx_StdPeriph_Driver/src/stm32l1xx_gpio.o
 .debug_aranges
                0x00000398      0x148 ./STM32L1xx_StdPeriph_Driver/src/stm32l1xx_rcc.o
 .debug_aranges
                0x000004e0      0x2b8 ./STM32L1xx_StdPeriph_Driver/src/stm32l1xx_tim.o
 .debug_aranges
                0x00000798       0x28 ./GNU/startup_stm32l1xx_md.o
 .debug_aranges
                0x000007c0       0x30 ./CMSIS/src/system_stm32l1xx.o
 .debug_aranges
                0x000007f0       0x60 ./main.o

.debug_macro    0x00000000     0xdb90
 .debug_macro   0x00000000      0x141 ./User/resources.o
 .debug_macro   0x00000141       0x16 ./User/resources.o
 .debug_macro   0x00000157       0x97 ./User/resources.o
 .debug_macro   0x000001ee       0x10 ./User/resources.o
 .debug_macro   0x000001fe       0x10 ./User/resources.o
 .debug_macro   0x0000020e       0xef ./User/resources.o
 .debug_macro   0x000002fd       0x22 ./User/resources.o
 .debug_macro   0x0000031f       0xbd ./User/resources.o
 .debug_macro   0x000003dc       0x16 ./User/resources.o
 .debug_macro   0x000003f2      0x15c ./User/resources.o
 .debug_macro   0x0000054e       0x16 ./User/resources.o
 .debug_macro   0x00000564       0x35 ./User/resources.o
 .debug_macro   0x00000599       0x16 ./User/resources.o
 .debug_macro   0x000005af       0x23 ./User/resources.o
 .debug_macro   0x000005d2      0x214 ./User/resources.o
 .debug_macro   0x000007e6      0x247 ./User/stm32l1xx_it.o
 .debug_macro   0x00000a2d       0x6f ./User/stm32l1xx_it.o
 .debug_macro   0x00000a9c       0x34 ./User/stm32l1xx_it.o
 .debug_macro   0x00000ad0       0x18 ./User/stm32l1xx_it.o
 .debug_macro   0x00000ae8      0x735 ./User/stm32l1xx_it.o
 .debug_macro   0x0000121d     0x6ba4 ./User/stm32l1xx_it.o
 .debug_macro   0x00007dc1      0x43e ./User/stm32l1xx_it.o
 .debug_macro   0x000081ff       0xb4 ./User/stm32l1xx_it.o
 .debug_macro   0x000082b3       0xa9 ./User/stm32l1xx_it.o
 .debug_macro   0x0000835c      0x17f ./User/stm32l1xx_it.o
 .debug_macro   0x000084db       0x82 ./User/stm32l1xx_it.o
 .debug_macro   0x0000855d      0x3ae ./User/stm32l1xx_it.o
 .debug_macro   0x0000890b       0xb9 ./User/stm32l1xx_it.o
 .debug_macro   0x000089c4      0x422 ./User/stm32l1xx_it.o
 .debug_macro   0x00008de6      0x17d ./User/stm32l1xx_it.o
 .debug_macro   0x00008f63      0x203 ./User/stm32l1xx_it.o
 .debug_macro   0x00009166      0x2b2 ./User/stm32l1xx_it.o
 .debug_macro   0x00009418       0x64 ./User/stm32l1xx_it.o
 .debug_macro   0x0000947c      0x325 ./User/stm32l1xx_it.o
 .debug_macro   0x000097a1       0xc8 ./User/stm32l1xx_it.o
 .debug_macro   0x00009869       0xe1 ./User/stm32l1xx_it.o
 .debug_macro   0x0000994a      0x413 ./User/stm32l1xx_it.o
 .debug_macro   0x00009d5d      0x5cf ./User/stm32l1xx_it.o
 .debug_macro   0x0000a32c      0x341 ./User/stm32l1xx_it.o
 .debug_macro   0x0000a66d      0x357 ./User/stm32l1xx_it.o
 .debug_macro   0x0000a9c4      0x421 ./User/stm32l1xx_it.o
 .debug_macro   0x0000ade5      0x668 ./User/stm32l1xx_it.o
 .debug_macro   0x0000b44d      0x220 ./User/stm32l1xx_it.o
 .debug_macro   0x0000b66d       0x34 ./User/stm32l1xx_it.o
 .debug_macro   0x0000b6a1       0x88 ./User/stm32l1xx_it.o
 .debug_macro   0x0000b729       0x35 ./User/stm32l1xx_it.o
 .debug_macro   0x0000b75e      0x1b1 ./STM32L1xx_StdPeriph_Driver/src/misc.o
 .debug_macro   0x0000b90f       0x82 ./STM32L1xx_StdPeriph_Driver/src/misc.o
 .debug_macro   0x0000b991      0x241 ./STM32L1xx_StdPeriph_Driver/src/stm32l1xx_adc.o
 .debug_macro   0x0000bbd2       0xae ./STM32L1xx_StdPeriph_Driver/src/stm32l1xx_adc.o
 .debug_macro   0x0000bc80      0x1d7 ./STM32L1xx_StdPeriph_Driver/src/stm32l1xx_dac.o
 .debug_macro   0x0000be57      0x179 ./STM32L1xx_StdPeriph_Driver/src/stm32l1xx_dac.o
 .debug_macro   0x0000bfd0      0x1ff ./STM32L1xx_StdPeriph_Driver/src/stm32l1xx_dma.o
 .debug_macro   0x0000c1cf      0x3a8 ./STM32L1xx_StdPeriph_Driver/src/stm32l1xx_dma.o
 .debug_macro   0x0000c577      0x1ab ./STM32L1xx_StdPeriph_Driver/src/stm32l1xx_gpio.o
 .debug_macro   0x0000c722      0x1fd ./STM32L1xx_StdPeriph_Driver/src/stm32l1xx_gpio.o
 .debug_macro   0x0000c91f      0x251 ./STM32L1xx_StdPeriph_Driver/src/stm32l1xx_rcc.o
 .debug_macro   0x0000cb70      0x40d ./STM32L1xx_StdPeriph_Driver/src/stm32l1xx_rcc.o
 .debug_macro   0x0000cf7d      0x1be ./STM32L1xx_StdPeriph_Driver/src/stm32l1xx_tim.o
 .debug_macro   0x0000d13b      0x662 ./STM32L1xx_StdPeriph_Driver/src/stm32l1xx_tim.o
 .debug_macro   0x0000d79d      0x1a8 ./CMSIS/src/system_stm32l1xx.o
 .debug_macro   0x0000d945      0x1cf ./main.o
 .debug_macro   0x0000db14       0x7c ./main.o

.debug_line     0x00000000     0x4dbd
 .debug_line    0x00000000      0x292 ./User/resources.o
 .debug_line    0x00000292      0x67a ./User/stm32l1xx_it.o
 .debug_line    0x0000090c      0x5b8 ./STM32L1xx_StdPeriph_Driver/src/misc.o
 .debug_line    0x00000ec4      0x8e2 ./STM32L1xx_StdPeriph_Driver/src/stm32l1xx_adc.o
 .debug_line    0x000017a6      0x6c6 ./STM32L1xx_StdPeriph_Driver/src/stm32l1xx_dac.o
 .debug_line    0x00001e6c      0x66e ./STM32L1xx_StdPeriph_Driver/src/stm32l1xx_dma.o
 .debug_line    0x000024da      0x6a5 ./STM32L1xx_StdPeriph_Driver/src/stm32l1xx_gpio.o
 .debug_line    0x00002b7f      0x882 ./STM32L1xx_StdPeriph_Driver/src/stm32l1xx_rcc.o
 .debug_line    0x00003401      0xcae ./STM32L1xx_StdPeriph_Driver/src/stm32l1xx_tim.o
 .debug_line    0x000040af       0x7a ./GNU/startup_stm32l1xx_md.o
 .debug_line    0x00004129      0x5d4 ./CMSIS/src/system_stm32l1xx.o
 .debug_line    0x000046fd      0x6c0 ./main.o

.debug_str      0x00000000    0x534f7
 .debug_str     0x00000000     0x5d4f ./User/resources.o
                               0x5f0c (size before relaxing)
 .debug_str     0x00005d4f    0x4a270 ./User/stm32l1xx_it.o
                              0x4f62f (size before relaxing)
 .debug_str     0x0004ffbf      0x29d ./STM32L1xx_StdPeriph_Driver/src/misc.o
                              0x4d51a (size before relaxing)
 .debug_str     0x0005025c      0x974 ./STM32L1xx_StdPeriph_Driver/src/stm32l1xx_adc.o
                              0x4dc5b (size before relaxing)
 .debug_str     0x00050bd0      0x375 ./STM32L1xx_StdPeriph_Driver/src/stm32l1xx_dac.o
                              0x4d673 (size before relaxing)
 .debug_str     0x00050f45      0x6e0 ./STM32L1xx_StdPeriph_Driver/src/stm32l1xx_dma.o
                              0x4d9bb (size before relaxing)
 .debug_str     0x00051625      0x30e ./STM32L1xx_StdPeriph_Driver/src/stm32l1xx_gpio.o
                              0x4d5e2 (size before relaxing)
 .debug_str     0x00051933      0x9ad ./STM32L1xx_StdPeriph_Driver/src/stm32l1xx_rcc.o
                              0x4dcbf (size before relaxing)
 .debug_str     0x000522e0      0xa63 ./STM32L1xx_StdPeriph_Driver/src/stm32l1xx_tim.o
                              0x4ddc6 (size before relaxing)
 .debug_str     0x00052d43       0xc8 ./CMSIS/src/system_stm32l1xx.o
                              0x4d475 (size before relaxing)
 .debug_str     0x00052e0b      0x6ec ./main.o
                              0x4dffa (size before relaxing)

.comment        0x00000000       0x30
 .comment       0x00000000       0x30 ./User/resources.o
                                 0x31 (size before relaxing)
 .comment       0x00000000       0x31 ./User/stm32l1xx_it.o
 .comment       0x00000000       0x31 ./STM32L1xx_StdPeriph_Driver/src/misc.o
 .comment       0x00000000       0x31 ./STM32L1xx_StdPeriph_Driver/src/stm32l1xx_adc.o
 .comment       0x00000000       0x31 ./STM32L1xx_StdPeriph_Driver/src/stm32l1xx_dac.o
 .comment       0x00000000       0x31 ./STM32L1xx_StdPeriph_Driver/src/stm32l1xx_dma.o
 .comment       0x00000000       0x31 ./STM32L1xx_StdPeriph_Driver/src/stm32l1xx_gpio.o
 .comment       0x00000000       0x31 ./STM32L1xx_StdPeriph_Driver/src/stm32l1xx_rcc.o
 .comment       0x00000000       0x31 ./STM32L1xx_StdPeriph_Driver/src/stm32l1xx_tim.o
 .comment       0x00000000       0x31 ./CMSIS/src/system_stm32l1xx.o
 .comment       0x00000000       0x31 ./main.o

.debug_ranges   0x00000000      0x790
 .debug_ranges  0x00000000       0x50 ./User/stm32l1xx_it.o
 .debug_ranges  0x00000050       0x30 ./STM32L1xx_StdPeriph_Driver/src/misc.o
 .debug_ranges  0x00000080      0x138 ./STM32L1xx_StdPeriph_Driver/src/stm32l1xx_adc.o
 .debug_ranges  0x000001b8       0x90 ./STM32L1xx_StdPeriph_Driver/src/stm32l1xx_dac.o
 .debug_ranges  0x00000248       0x60 ./STM32L1xx_StdPeriph_Driver/src/stm32l1xx_dma.o
 .debug_ranges  0x000002a8       0x78 ./STM32L1xx_StdPeriph_Driver/src/stm32l1xx_gpio.o
 .debug_ranges  0x00000320      0x138 ./STM32L1xx_StdPeriph_Driver/src/stm32l1xx_rcc.o
 .debug_ranges  0x00000458      0x2a8 ./STM32L1xx_StdPeriph_Driver/src/stm32l1xx_tim.o
 .debug_ranges  0x00000700       0x20 ./GNU/startup_stm32l1xx_md.o
 .debug_ranges  0x00000720       0x20 ./CMSIS/src/system_stm32l1xx.o
 .debug_ranges  0x00000740       0x50 ./main.o

.debug_frame    0x00000000     0x19c4
 .debug_frame   0x00000000       0xec ./User/stm32l1xx_it.o
 .debug_frame   0x000000ec       0x9c ./STM32L1xx_StdPeriph_Driver/src/misc.o
 .debug_frame   0x00000188      0x43c ./STM32L1xx_StdPeriph_Driver/src/stm32l1xx_adc.o
 .debug_frame   0x000005c4      0x1ec ./STM32L1xx_StdPeriph_Driver/src/stm32l1xx_dac.o
 .debug_frame   0x000007b0      0x144 ./STM32L1xx_StdPeriph_Driver/src/stm32l1xx_dma.o
 .debug_frame   0x000008f4      0x19c ./STM32L1xx_StdPeriph_Driver/src/stm32l1xx_gpio.o
 .debug_frame   0x00000a90      0x430 ./STM32L1xx_StdPeriph_Driver/src/stm32l1xx_rcc.o
 .debug_frame   0x00000ec0      0x95c ./STM32L1xx_StdPeriph_Driver/src/stm32l1xx_tim.o
 .debug_frame   0x0000181c       0x64 ./CMSIS/src/system_stm32l1xx.o
 .debug_frame   0x00001880      0x118 ./main.o
 .debug_frame   0x00001998       0x2c c:/developing/stm32/sourcery_codebench_lite_for_arm_eabi/bin/../lib/gcc/arm-none-eabi/4.8.1/../../../../arm-none-eabi/lib/thumb2\libc.a(lib_a-init.o)

Cross Reference Table

Symbol                                            File
ADC1_IRQHandler                                   ./GNU/startup_stm32l1xx_md.o
ADC_AnalogWatchdogCmd                             ./STM32L1xx_StdPeriph_Driver/src/stm32l1xx_adc.o
ADC_AnalogWatchdogSingleChannelConfig             ./STM32L1xx_StdPeriph_Driver/src/stm32l1xx_adc.o
ADC_AnalogWatchdogThresholdsConfig                ./STM32L1xx_StdPeriph_Driver/src/stm32l1xx_adc.o
ADC_AutoInjectedConvCmd                           ./STM32L1xx_StdPeriph_Driver/src/stm32l1xx_adc.o
ADC_BankSelection                                 ./STM32L1xx_StdPeriph_Driver/src/stm32l1xx_adc.o
ADC_ClearFlag                                     ./STM32L1xx_StdPeriph_Driver/src/stm32l1xx_adc.o
ADC_ClearITPendingBit                             ./STM32L1xx_StdPeriph_Driver/src/stm32l1xx_adc.o
ADC_Cmd                                           ./STM32L1xx_StdPeriph_Driver/src/stm32l1xx_adc.o
                                                  ./main.o
ADC_CommonInit                                    ./STM32L1xx_StdPeriph_Driver/src/stm32l1xx_adc.o
ADC_CommonStructInit                              ./STM32L1xx_StdPeriph_Driver/src/stm32l1xx_adc.o
ADC_ContinuousModeCmd                             ./STM32L1xx_StdPeriph_Driver/src/stm32l1xx_adc.o
ADC_DMACmd                                        ./STM32L1xx_StdPeriph_Driver/src/stm32l1xx_adc.o
                                                  ./main.o
ADC_DMARequestAfterLastTransferCmd                ./STM32L1xx_StdPeriph_Driver/src/stm32l1xx_adc.o
ADC_DeInit                                        ./STM32L1xx_StdPeriph_Driver/src/stm32l1xx_adc.o
ADC_DelaySelectionConfig                          ./STM32L1xx_StdPeriph_Driver/src/stm32l1xx_adc.o
ADC_DiscModeChannelCountConfig                    ./STM32L1xx_StdPeriph_Driver/src/stm32l1xx_adc.o
ADC_DiscModeCmd                                   ./STM32L1xx_StdPeriph_Driver/src/stm32l1xx_adc.o
ADC_EOCOnEachRegularChannelCmd                    ./STM32L1xx_StdPeriph_Driver/src/stm32l1xx_adc.o
ADC_ExternalTrigInjectedConvConfig                ./STM32L1xx_StdPeriph_Driver/src/stm32l1xx_adc.o
ADC_ExternalTrigInjectedConvEdgeConfig            ./STM32L1xx_StdPeriph_Driver/src/stm32l1xx_adc.o
ADC_GetConversionValue                            ./STM32L1xx_StdPeriph_Driver/src/stm32l1xx_adc.o
ADC_GetFlagStatus                                 ./STM32L1xx_StdPeriph_Driver/src/stm32l1xx_adc.o
ADC_GetITStatus                                   ./STM32L1xx_StdPeriph_Driver/src/stm32l1xx_adc.o
ADC_GetInjectedConversionValue                    ./STM32L1xx_StdPeriph_Driver/src/stm32l1xx_adc.o
ADC_GetSoftwareStartConvStatus                    ./STM32L1xx_StdPeriph_Driver/src/stm32l1xx_adc.o
ADC_GetSoftwareStartInjectedConvCmdStatus         ./STM32L1xx_StdPeriph_Driver/src/stm32l1xx_adc.o
ADC_ITConfig                                      ./STM32L1xx_StdPeriph_Driver/src/stm32l1xx_adc.o
ADC_Init                                          ./STM32L1xx_StdPeriph_Driver/src/stm32l1xx_adc.o
                                                  ./main.o
ADC_InjectedChannelConfig                         ./STM32L1xx_StdPeriph_Driver/src/stm32l1xx_adc.o
ADC_InjectedDiscModeCmd                           ./STM32L1xx_StdPeriph_Driver/src/stm32l1xx_adc.o
ADC_InjectedSequencerLengthConfig                 ./STM32L1xx_StdPeriph_Driver/src/stm32l1xx_adc.o
ADC_PowerDownCmd                                  ./STM32L1xx_StdPeriph_Driver/src/stm32l1xx_adc.o
ADC_RegularChannelConfig                          ./STM32L1xx_StdPeriph_Driver/src/stm32l1xx_adc.o
                                                  ./main.o
ADC_SetInjectedOffset                             ./STM32L1xx_StdPeriph_Driver/src/stm32l1xx_adc.o
ADC_SoftwareStartConv                             ./STM32L1xx_StdPeriph_Driver/src/stm32l1xx_adc.o
                                                  ./main.o
ADC_SoftwareStartInjectedConv                     ./STM32L1xx_StdPeriph_Driver/src/stm32l1xx_adc.o
ADC_StructInit                                    ./STM32L1xx_StdPeriph_Driver/src/stm32l1xx_adc.o
ADC_TempSensorVrefintCmd                          ./STM32L1xx_StdPeriph_Driver/src/stm32l1xx_adc.o
ADC_values                                        ./main.o
AES_CBC_Decrypt                                   ./STM32L1xx_StdPeriph_Driver/src/stm32l1xx_aes_util.o
AES_CBC_Encrypt                                   ./STM32L1xx_StdPeriph_Driver/src/stm32l1xx_aes_util.o
AES_CTR_Decrypt                                   ./STM32L1xx_StdPeriph_Driver/src/stm32l1xx_aes_util.o
AES_CTR_Encrypt                                   ./STM32L1xx_StdPeriph_Driver/src/stm32l1xx_aes_util.o
AES_ClearFlag                                     ./STM32L1xx_StdPeriph_Driver/src/stm32l1xx_aes.o
                                                  ./STM32L1xx_StdPeriph_Driver/src/stm32l1xx_aes_util.o
AES_ClearITPendingBit                             ./STM32L1xx_StdPeriph_Driver/src/stm32l1xx_aes.o
AES_Cmd                                           ./STM32L1xx_StdPeriph_Driver/src/stm32l1xx_aes.o
                                                  ./STM32L1xx_StdPeriph_Driver/src/stm32l1xx_aes_util.o
AES_DMAConfig                                     ./STM32L1xx_StdPeriph_Driver/src/stm32l1xx_aes.o
AES_DeInit                                        ./STM32L1xx_StdPeriph_Driver/src/stm32l1xx_aes.o
AES_ECB_Decrypt                                   ./STM32L1xx_StdPeriph_Driver/src/stm32l1xx_aes_util.o
AES_ECB_Encrypt                                   ./STM32L1xx_StdPeriph_Driver/src/stm32l1xx_aes_util.o
AES_GetFlagStatus                                 ./STM32L1xx_StdPeriph_Driver/src/stm32l1xx_aes.o
                                                  ./STM32L1xx_StdPeriph_Driver/src/stm32l1xx_aes_util.o
AES_GetITStatus                                   ./STM32L1xx_StdPeriph_Driver/src/stm32l1xx_aes.o
AES_ITConfig                                      ./STM32L1xx_StdPeriph_Driver/src/stm32l1xx_aes.o
AES_IVInit                                        ./STM32L1xx_StdPeriph_Driver/src/stm32l1xx_aes.o
                                                  ./STM32L1xx_StdPeriph_Driver/src/stm32l1xx_aes_util.o
AES_IVStructInit                                  ./STM32L1xx_StdPeriph_Driver/src/stm32l1xx_aes.o
AES_Init                                          ./STM32L1xx_StdPeriph_Driver/src/stm32l1xx_aes.o
                                                  ./STM32L1xx_StdPeriph_Driver/src/stm32l1xx_aes_util.o
AES_KeyInit                                       ./STM32L1xx_StdPeriph_Driver/src/stm32l1xx_aes.o
                                                  ./STM32L1xx_StdPeriph_Driver/src/stm32l1xx_aes_util.o
AES_KeyStructInit                                 ./STM32L1xx_StdPeriph_Driver/src/stm32l1xx_aes.o
AES_ReadIV                                        ./STM32L1xx_StdPeriph_Driver/src/stm32l1xx_aes.o
AES_ReadKey                                       ./STM32L1xx_StdPeriph_Driver/src/stm32l1xx_aes.o
AES_ReadSubData                                   ./STM32L1xx_StdPeriph_Driver/src/stm32l1xx_aes.o
                                                  ./STM32L1xx_StdPeriph_Driver/src/stm32l1xx_aes_util.o
AES_StructInit                                    ./STM32L1xx_StdPeriph_Driver/src/stm32l1xx_aes.o
AES_WriteSubData                                  ./STM32L1xx_StdPeriph_Driver/src/stm32l1xx_aes.o
                                                  ./STM32L1xx_StdPeriph_Driver/src/stm32l1xx_aes_util.o
AHBPrescTable                                     ./CMSIS/src/system_stm32l1xx.o
BusFault_Handler                                  ./User/stm32l1xx_it.o
COMP_Cmd                                          ./STM32L1xx_StdPeriph_Driver/src/stm32l1xx_comp.o
COMP_DeInit                                       ./STM32L1xx_StdPeriph_Driver/src/stm32l1xx_comp.o
COMP_GetOutputLevel                               ./STM32L1xx_StdPeriph_Driver/src/stm32l1xx_comp.o
COMP_IRQHandler                                   ./GNU/startup_stm32l1xx_md.o
COMP_Init                                         ./STM32L1xx_StdPeriph_Driver/src/stm32l1xx_comp.o
COMP_SW1SwitchConfig                              ./STM32L1xx_StdPeriph_Driver/src/stm32l1xx_comp.o
COMP_VrefintOutputCmd                             ./STM32L1xx_StdPeriph_Driver/src/stm32l1xx_comp.o
COMP_WindowCmd                                    ./STM32L1xx_StdPeriph_Driver/src/stm32l1xx_comp.o
CRC_CalcBlockCRC                                  ./STM32L1xx_StdPeriph_Driver/src/stm32l1xx_crc.o
CRC_CalcCRC                                       ./STM32L1xx_StdPeriph_Driver/src/stm32l1xx_crc.o
CRC_GetCRC                                        ./STM32L1xx_StdPeriph_Driver/src/stm32l1xx_crc.o
CRC_GetIDRegister                                 ./STM32L1xx_StdPeriph_Driver/src/stm32l1xx_crc.o
CRC_ResetDR                                       ./STM32L1xx_StdPeriph_Driver/src/stm32l1xx_crc.o
CRC_SetIDRegister                                 ./STM32L1xx_StdPeriph_Driver/src/stm32l1xx_crc.o
DAC1OutputData                                    ./main.o
DACNVIC_InitStructure                             ./main.o
DAC_ClearFlag                                     ./STM32L1xx_StdPeriph_Driver/src/stm32l1xx_dac.o
DAC_ClearITPendingBit                             ./STM32L1xx_StdPeriph_Driver/src/stm32l1xx_dac.o
DAC_Cmd                                           ./STM32L1xx_StdPeriph_Driver/src/stm32l1xx_dac.o
                                                  ./main.o
DAC_DMACmd                                        ./STM32L1xx_StdPeriph_Driver/src/stm32l1xx_dac.o
DAC_DeInit                                        ./STM32L1xx_StdPeriph_Driver/src/stm32l1xx_dac.o
DAC_DualSoftwareTriggerCmd                        ./STM32L1xx_StdPeriph_Driver/src/stm32l1xx_dac.o
DAC_GetDataOutputValue                            ./STM32L1xx_StdPeriph_Driver/src/stm32l1xx_dac.o
DAC_GetFlagStatus                                 ./STM32L1xx_StdPeriph_Driver/src/stm32l1xx_dac.o
DAC_GetITStatus                                   ./STM32L1xx_StdPeriph_Driver/src/stm32l1xx_dac.o
DAC_IRQHandler                                    ./GNU/startup_stm32l1xx_md.o
DAC_ITConfig                                      ./STM32L1xx_StdPeriph_Driver/src/stm32l1xx_dac.o
DAC_Init                                          ./STM32L1xx_StdPeriph_Driver/src/stm32l1xx_dac.o
                                                  ./main.o
DAC_InitStructure                                 ./main.o
DAC_SetChannel1Data                               ./STM32L1xx_StdPeriph_Driver/src/stm32l1xx_dac.o
                                                  ./main.o
DAC_SetChannel2Data                               ./STM32L1xx_StdPeriph_Driver/src/stm32l1xx_dac.o
DAC_SetDualChannelData                            ./STM32L1xx_StdPeriph_Driver/src/stm32l1xx_dac.o
DAC_SoftwareTriggerCmd                            ./STM32L1xx_StdPeriph_Driver/src/stm32l1xx_dac.o
DAC_StructInit                                    ./STM32L1xx_StdPeriph_Driver/src/stm32l1xx_dac.o
DAC_WaveGenerationCmd                             ./STM32L1xx_StdPeriph_Driver/src/stm32l1xx_dac.o
DATA_EEPROM_EraseByte                             ./STM32L1xx_StdPeriph_Driver/src/stm32l1xx_flash.o
DATA_EEPROM_EraseDoubleWord                       ./STM32L1xx_StdPeriph_Driver/src/stm32l1xx_flash_ramfunc.o
DATA_EEPROM_EraseHalfWord                         ./STM32L1xx_StdPeriph_Driver/src/stm32l1xx_flash.o
DATA_EEPROM_EraseWord                             ./STM32L1xx_StdPeriph_Driver/src/stm32l1xx_flash.o
DATA_EEPROM_FastProgramByte                       ./STM32L1xx_StdPeriph_Driver/src/stm32l1xx_flash.o
DATA_EEPROM_FastProgramHalfWord                   ./STM32L1xx_StdPeriph_Driver/src/stm32l1xx_flash.o
DATA_EEPROM_FastProgramWord                       ./STM32L1xx_StdPeriph_Driver/src/stm32l1xx_flash.o
DATA_EEPROM_FixedTimeProgramCmd                   ./STM32L1xx_StdPeriph_Driver/src/stm32l1xx_flash.o
DATA_EEPROM_Lock                                  ./STM32L1xx_StdPeriph_Driver/src/stm32l1xx_flash.o
DATA_EEPROM_ProgramByte                           ./STM32L1xx_StdPeriph_Driver/src/stm32l1xx_flash.o
DATA_EEPROM_ProgramDoubleWord                     ./STM32L1xx_StdPeriph_Driver/src/stm32l1xx_flash_ramfunc.o
DATA_EEPROM_ProgramHalfWord                       ./STM32L1xx_StdPeriph_Driver/src/stm32l1xx_flash.o
DATA_EEPROM_ProgramWord                           ./STM32L1xx_StdPeriph_Driver/src/stm32l1xx_flash.o
DATA_EEPROM_Unlock                                ./STM32L1xx_StdPeriph_Driver/src/stm32l1xx_flash.o
DBGMCU_APB1PeriphConfig                           ./STM32L1xx_StdPeriph_Driver/src/stm32l1xx_dbgmcu.o
DBGMCU_APB2PeriphConfig                           ./STM32L1xx_StdPeriph_Driver/src/stm32l1xx_dbgmcu.o
DBGMCU_Config                                     ./STM32L1xx_StdPeriph_Driver/src/stm32l1xx_dbgmcu.o
DBGMCU_GetDEVID                                   ./STM32L1xx_StdPeriph_Driver/src/stm32l1xx_dbgmcu.o
DBGMCU_GetREVID                                   ./STM32L1xx_StdPeriph_Driver/src/stm32l1xx_dbgmcu.o
DMA1_Channel1_IRQHandler                          ./GNU/startup_stm32l1xx_md.o
DMA1_Channel2_IRQHandler                          ./GNU/startup_stm32l1xx_md.o
DMA1_Channel3_IRQHandler                          ./GNU/startup_stm32l1xx_md.o
DMA1_Channel4_IRQHandler                          ./GNU/startup_stm32l1xx_md.o
DMA1_Channel5_IRQHandler                          ./GNU/startup_stm32l1xx_md.o
DMA1_Channel6_IRQHandler                          ./GNU/startup_stm32l1xx_md.o
DMA1_Channel7_IRQHandler                          ./GNU/startup_stm32l1xx_md.o
DMA_ClearFlag                                     ./STM32L1xx_StdPeriph_Driver/src/stm32l1xx_dma.o
DMA_ClearITPendingBit                             ./STM32L1xx_StdPeriph_Driver/src/stm32l1xx_dma.o
DMA_Cmd                                           ./STM32L1xx_StdPeriph_Driver/src/stm32l1xx_dma.o
                                                  ./main.o
DMA_DeInit                                        ./STM32L1xx_StdPeriph_Driver/src/stm32l1xx_dma.o
                                                  ./main.o
DMA_GetCurrDataCounter                            ./STM32L1xx_StdPeriph_Driver/src/stm32l1xx_dma.o
DMA_GetFlagStatus                                 ./STM32L1xx_StdPeriph_Driver/src/stm32l1xx_dma.o
DMA_GetITStatus                                   ./STM32L1xx_StdPeriph_Driver/src/stm32l1xx_dma.o
DMA_ITConfig                                      ./STM32L1xx_StdPeriph_Driver/src/stm32l1xx_dma.o
                                                  ./main.o
DMA_Init                                          ./STM32L1xx_StdPeriph_Driver/src/stm32l1xx_dma.o
                                                  ./main.o
DMA_SetCurrDataCounter                            ./STM32L1xx_StdPeriph_Driver/src/stm32l1xx_dma.o
DMA_StructInit                                    ./STM32L1xx_StdPeriph_Driver/src/stm32l1xx_dma.o
DebugMon_Handler                                  ./User/stm32l1xx_it.o
Default_Handler                                   ./GNU/startup_stm32l1xx_md.o
Delay                                             ./main.o
EXTI0_IRQHandler                                  ./GNU/startup_stm32l1xx_md.o
EXTI15_10_IRQHandler                              ./GNU/startup_stm32l1xx_md.o
EXTI1_IRQHandler                                  ./GNU/startup_stm32l1xx_md.o
EXTI2_IRQHandler                                  ./GNU/startup_stm32l1xx_md.o
EXTI3_IRQHandler                                  ./GNU/startup_stm32l1xx_md.o
EXTI4_IRQHandler                                  ./GNU/startup_stm32l1xx_md.o
EXTI9_5_IRQHandler                                ./GNU/startup_stm32l1xx_md.o
EXTI_ClearFlag                                    ./STM32L1xx_StdPeriph_Driver/src/stm32l1xx_exti.o
EXTI_ClearITPendingBit                            ./STM32L1xx_StdPeriph_Driver/src/stm32l1xx_exti.o
EXTI_DeInit                                       ./STM32L1xx_StdPeriph_Driver/src/stm32l1xx_exti.o
EXTI_GenerateSWInterrupt                          ./STM32L1xx_StdPeriph_Driver/src/stm32l1xx_exti.o
EXTI_GetFlagStatus                                ./STM32L1xx_StdPeriph_Driver/src/stm32l1xx_exti.o
EXTI_GetITStatus                                  ./STM32L1xx_StdPeriph_Driver/src/stm32l1xx_exti.o
EXTI_Init                                         ./STM32L1xx_StdPeriph_Driver/src/stm32l1xx_exti.o
EXTI_StructInit                                   ./STM32L1xx_StdPeriph_Driver/src/stm32l1xx_exti.o
FLASH_ClearFlag                                   ./STM32L1xx_StdPeriph_Driver/src/stm32l1xx_flash.o
FLASH_ErasePage                                   ./STM32L1xx_StdPeriph_Driver/src/stm32l1xx_flash.o
FLASH_EraseParallelPage                           ./STM32L1xx_StdPeriph_Driver/src/stm32l1xx_flash_ramfunc.o
FLASH_FastProgramWord                             ./STM32L1xx_StdPeriph_Driver/src/stm32l1xx_flash.o
FLASH_GetFlagStatus                               ./STM32L1xx_StdPeriph_Driver/src/stm32l1xx_flash.o
FLASH_GetStatus                                   ./STM32L1xx_StdPeriph_Driver/src/stm32l1xx_flash.o
FLASH_IRQHandler                                  ./GNU/startup_stm32l1xx_md.o
FLASH_ITConfig                                    ./STM32L1xx_StdPeriph_Driver/src/stm32l1xx_flash.o
FLASH_Lock                                        ./STM32L1xx_StdPeriph_Driver/src/stm32l1xx_flash.o
FLASH_OB_BORConfig                                ./STM32L1xx_StdPeriph_Driver/src/stm32l1xx_flash.o
FLASH_OB_BootConfig                               ./STM32L1xx_StdPeriph_Driver/src/stm32l1xx_flash.o
FLASH_OB_GetBOR                                   ./STM32L1xx_StdPeriph_Driver/src/stm32l1xx_flash.o
FLASH_OB_GetRDP                                   ./STM32L1xx_StdPeriph_Driver/src/stm32l1xx_flash.o
FLASH_OB_GetSPRMOD                                ./STM32L1xx_StdPeriph_Driver/src/stm32l1xx_flash.o
FLASH_OB_GetUser                                  ./STM32L1xx_StdPeriph_Driver/src/stm32l1xx_flash.o
FLASH_OB_GetWRP                                   ./STM32L1xx_StdPeriph_Driver/src/stm32l1xx_flash.o
FLASH_OB_GetWRP1                                  ./STM32L1xx_StdPeriph_Driver/src/stm32l1xx_flash.o
FLASH_OB_GetWRP2                                  ./STM32L1xx_StdPeriph_Driver/src/stm32l1xx_flash.o
FLASH_OB_Launch                                   ./STM32L1xx_StdPeriph_Driver/src/stm32l1xx_flash.o
FLASH_OB_Lock                                     ./STM32L1xx_StdPeriph_Driver/src/stm32l1xx_flash.o
FLASH_OB_PCROP1Config                             ./STM32L1xx_StdPeriph_Driver/src/stm32l1xx_flash.o
FLASH_OB_PCROPConfig                              ./STM32L1xx_StdPeriph_Driver/src/stm32l1xx_flash.o
FLASH_OB_PCROPSelectionConfig                     ./STM32L1xx_StdPeriph_Driver/src/stm32l1xx_flash.o
FLASH_OB_RDPConfig                                ./STM32L1xx_StdPeriph_Driver/src/stm32l1xx_flash.o
FLASH_OB_Unlock                                   ./STM32L1xx_StdPeriph_Driver/src/stm32l1xx_flash.o
FLASH_OB_UserConfig                               ./STM32L1xx_StdPeriph_Driver/src/stm32l1xx_flash.o
FLASH_OB_WRP1Config                               ./STM32L1xx_StdPeriph_Driver/src/stm32l1xx_flash.o
FLASH_OB_WRP2Config                               ./STM32L1xx_StdPeriph_Driver/src/stm32l1xx_flash.o
FLASH_OB_WRPConfig                                ./STM32L1xx_StdPeriph_Driver/src/stm32l1xx_flash.o
FLASH_PrefetchBufferCmd                           ./STM32L1xx_StdPeriph_Driver/src/stm32l1xx_flash.o
FLASH_ProgramHalfPage                             ./STM32L1xx_StdPeriph_Driver/src/stm32l1xx_flash_ramfunc.o
FLASH_ProgramParallelHalfPage                     ./STM32L1xx_StdPeriph_Driver/src/stm32l1xx_flash_ramfunc.o
FLASH_RUNPowerDownCmd                             ./STM32L1xx_StdPeriph_Driver/src/stm32l1xx_flash_ramfunc.o
FLASH_ReadAccess64Cmd                             ./STM32L1xx_StdPeriph_Driver/src/stm32l1xx_flash.o
FLASH_SLEEPPowerDownCmd                           ./STM32L1xx_StdPeriph_Driver/src/stm32l1xx_flash.o
FLASH_SetLatency                                  ./STM32L1xx_StdPeriph_Driver/src/stm32l1xx_flash.o
FLASH_Unlock                                      ./STM32L1xx_StdPeriph_Driver/src/stm32l1xx_flash.o
FLASH_WaitForLastOperation                        ./STM32L1xx_StdPeriph_Driver/src/stm32l1xx_flash.o
FSMC_NORSRAMCmd                                   ./STM32L1xx_StdPeriph_Driver/src/stm32l1xx_fsmc.o
FSMC_NORSRAMDeInit                                ./STM32L1xx_StdPeriph_Driver/src/stm32l1xx_fsmc.o
FSMC_NORSRAMInit                                  ./STM32L1xx_StdPeriph_Driver/src/stm32l1xx_fsmc.o
FSMC_NORSRAMStructInit                            ./STM32L1xx_StdPeriph_Driver/src/stm32l1xx_fsmc.o
GPIO_DeInit                                       ./STM32L1xx_StdPeriph_Driver/src/stm32l1xx_gpio.o
GPIO_Init                                         ./STM32L1xx_StdPeriph_Driver/src/stm32l1xx_gpio.o
                                                  ./main.o
GPIO_InitStructure                                ./main.o
GPIO_PinAFConfig                                  ./STM32L1xx_StdPeriph_Driver/src/stm32l1xx_gpio.o
GPIO_PinLockConfig                                ./STM32L1xx_StdPeriph_Driver/src/stm32l1xx_gpio.o
GPIO_ReadInputData                                ./STM32L1xx_StdPeriph_Driver/src/stm32l1xx_gpio.o
GPIO_ReadInputDataBit                             ./STM32L1xx_StdPeriph_Driver/src/stm32l1xx_gpio.o
GPIO_ReadOutputData                               ./STM32L1xx_StdPeriph_Driver/src/stm32l1xx_gpio.o
GPIO_ReadOutputDataBit                            ./STM32L1xx_StdPeriph_Driver/src/stm32l1xx_gpio.o
GPIO_ResetBits                                    ./STM32L1xx_StdPeriph_Driver/src/stm32l1xx_gpio.o
GPIO_SetBits                                      ./STM32L1xx_StdPeriph_Driver/src/stm32l1xx_gpio.o
GPIO_StructInit                                   ./STM32L1xx_StdPeriph_Driver/src/stm32l1xx_gpio.o
                                                  ./main.o
GPIO_ToggleBits                                   ./STM32L1xx_StdPeriph_Driver/src/stm32l1xx_gpio.o
GPIO_Write                                        ./STM32L1xx_StdPeriph_Driver/src/stm32l1xx_gpio.o
GPIO_WriteBit                                     ./STM32L1xx_StdPeriph_Driver/src/stm32l1xx_gpio.o
                                                  ./main.o
HardFault_Handler                                 ./User/stm32l1xx_it.o
I2C1_ER_IRQHandler                                ./GNU/startup_stm32l1xx_md.o
I2C1_EV_IRQHandler                                ./GNU/startup_stm32l1xx_md.o
I2C2_ER_IRQHandler                                ./GNU/startup_stm32l1xx_md.o
I2C2_EV_IRQHandler                                ./GNU/startup_stm32l1xx_md.o
I2C_ARPCmd                                        ./STM32L1xx_StdPeriph_Driver/src/stm32l1xx_i2c.o
I2C_AcknowledgeConfig                             ./STM32L1xx_StdPeriph_Driver/src/stm32l1xx_i2c.o
I2C_CalculatePEC                                  ./STM32L1xx_StdPeriph_Driver/src/stm32l1xx_i2c.o
I2C_CheckEvent                                    ./STM32L1xx_StdPeriph_Driver/src/stm32l1xx_i2c.o
I2C_ClearFlag                                     ./STM32L1xx_StdPeriph_Driver/src/stm32l1xx_i2c.o
I2C_ClearITPendingBit                             ./STM32L1xx_StdPeriph_Driver/src/stm32l1xx_i2c.o
I2C_Cmd                                           ./STM32L1xx_StdPeriph_Driver/src/stm32l1xx_i2c.o
I2C_DMACmd                                        ./STM32L1xx_StdPeriph_Driver/src/stm32l1xx_i2c.o
I2C_DMALastTransferCmd                            ./STM32L1xx_StdPeriph_Driver/src/stm32l1xx_i2c.o
I2C_DeInit                                        ./STM32L1xx_StdPeriph_Driver/src/stm32l1xx_i2c.o
I2C_DualAddressCmd                                ./STM32L1xx_StdPeriph_Driver/src/stm32l1xx_i2c.o
I2C_FastModeDutyCycleConfig                       ./STM32L1xx_StdPeriph_Driver/src/stm32l1xx_i2c.o
I2C_GeneralCallCmd                                ./STM32L1xx_StdPeriph_Driver/src/stm32l1xx_i2c.o
I2C_GenerateSTART                                 ./STM32L1xx_StdPeriph_Driver/src/stm32l1xx_i2c.o
I2C_GenerateSTOP                                  ./STM32L1xx_StdPeriph_Driver/src/stm32l1xx_i2c.o
I2C_GetFlagStatus                                 ./STM32L1xx_StdPeriph_Driver/src/stm32l1xx_i2c.o
I2C_GetITStatus                                   ./STM32L1xx_StdPeriph_Driver/src/stm32l1xx_i2c.o
I2C_GetLastEvent                                  ./STM32L1xx_StdPeriph_Driver/src/stm32l1xx_i2c.o
I2C_GetPEC                                        ./STM32L1xx_StdPeriph_Driver/src/stm32l1xx_i2c.o
I2C_ITConfig                                      ./STM32L1xx_StdPeriph_Driver/src/stm32l1xx_i2c.o
I2C_Init                                          ./STM32L1xx_StdPeriph_Driver/src/stm32l1xx_i2c.o
I2C_NACKPositionConfig                            ./STM32L1xx_StdPeriph_Driver/src/stm32l1xx_i2c.o
I2C_OwnAddress2Config                             ./STM32L1xx_StdPeriph_Driver/src/stm32l1xx_i2c.o
I2C_PECPositionConfig                             ./STM32L1xx_StdPeriph_Driver/src/stm32l1xx_i2c.o
I2C_ReadRegister                                  ./STM32L1xx_StdPeriph_Driver/src/stm32l1xx_i2c.o
I2C_ReceiveData                                   ./STM32L1xx_StdPeriph_Driver/src/stm32l1xx_i2c.o
I2C_SMBusAlertConfig                              ./STM32L1xx_StdPeriph_Driver/src/stm32l1xx_i2c.o
I2C_Send7bitAddress                               ./STM32L1xx_StdPeriph_Driver/src/stm32l1xx_i2c.o
I2C_SendData                                      ./STM32L1xx_StdPeriph_Driver/src/stm32l1xx_i2c.o
I2C_SoftwareResetCmd                              ./STM32L1xx_StdPeriph_Driver/src/stm32l1xx_i2c.o
I2C_StretchClockCmd                               ./STM32L1xx_StdPeriph_Driver/src/stm32l1xx_i2c.o
I2C_StructInit                                    ./STM32L1xx_StdPeriph_Driver/src/stm32l1xx_i2c.o
I2C_TransmitPEC                                   ./STM32L1xx_StdPeriph_Driver/src/stm32l1xx_i2c.o
I2S_Cmd                                           ./STM32L1xx_StdPeriph_Driver/src/stm32l1xx_spi.o
I2S_Init                                          ./STM32L1xx_StdPeriph_Driver/src/stm32l1xx_spi.o
I2S_StructInit                                    ./STM32L1xx_StdPeriph_Driver/src/stm32l1xx_spi.o
IWDG_Enable                                       ./STM32L1xx_StdPeriph_Driver/src/stm32l1xx_iwdg.o
IWDG_GetFlagStatus                                ./STM32L1xx_StdPeriph_Driver/src/stm32l1xx_iwdg.o
IWDG_ReloadCounter                                ./STM32L1xx_StdPeriph_Driver/src/stm32l1xx_iwdg.o
IWDG_SetPrescaler                                 ./STM32L1xx_StdPeriph_Driver/src/stm32l1xx_iwdg.o
IWDG_SetReload                                    ./STM32L1xx_StdPeriph_Driver/src/stm32l1xx_iwdg.o
IWDG_WriteAccessCmd                               ./STM32L1xx_StdPeriph_Driver/src/stm32l1xx_iwdg.o
InitADC                                           ./main.o
InitDAC                                           ./main.o
InitDMA                                           ./main.o
LCD_BlinkConfig                                   ./STM32L1xx_StdPeriph_Driver/src/stm32l1xx_lcd.o
LCD_ClearFlag                                     ./STM32L1xx_StdPeriph_Driver/src/stm32l1xx_lcd.o
LCD_ClearITPendingBit                             ./STM32L1xx_StdPeriph_Driver/src/stm32l1xx_lcd.o
LCD_Cmd                                           ./STM32L1xx_StdPeriph_Driver/src/stm32l1xx_lcd.o
LCD_ContrastConfig                                ./STM32L1xx_StdPeriph_Driver/src/stm32l1xx_lcd.o
LCD_DeInit                                        ./STM32L1xx_StdPeriph_Driver/src/stm32l1xx_lcd.o
LCD_DeadTimeConfig                                ./STM32L1xx_StdPeriph_Driver/src/stm32l1xx_lcd.o
LCD_GetFlagStatus                                 ./STM32L1xx_StdPeriph_Driver/src/stm32l1xx_lcd.o
LCD_GetITStatus                                   ./STM32L1xx_StdPeriph_Driver/src/stm32l1xx_lcd.o
LCD_HighDriveCmd                                  ./STM32L1xx_StdPeriph_Driver/src/stm32l1xx_lcd.o
LCD_IRQHandler                                    ./GNU/startup_stm32l1xx_md.o
LCD_ITConfig                                      ./STM32L1xx_StdPeriph_Driver/src/stm32l1xx_lcd.o
LCD_Init                                          ./STM32L1xx_StdPeriph_Driver/src/stm32l1xx_lcd.o
LCD_MuxSegmentCmd                                 ./STM32L1xx_StdPeriph_Driver/src/stm32l1xx_lcd.o
LCD_PulseOnDurationConfig                         ./STM32L1xx_StdPeriph_Driver/src/stm32l1xx_lcd.o
LCD_StructInit                                    ./STM32L1xx_StdPeriph_Driver/src/stm32l1xx_lcd.o
LCD_UpdateDisplayRequest                          ./STM32L1xx_StdPeriph_Driver/src/stm32l1xx_lcd.o
LCD_WaitForSynchro                                ./STM32L1xx_StdPeriph_Driver/src/stm32l1xx_lcd.o
LCD_Write                                         ./STM32L1xx_StdPeriph_Driver/src/stm32l1xx_lcd.o
MemManage_Handler                                 ./User/stm32l1xx_it.o
NMI_Handler                                       ./User/stm32l1xx_it.o
NVIC_Init                                         ./STM32L1xx_StdPeriph_Driver/src/misc.o
                                                  ./main.o
NVIC_PriorityGroupConfig                          ./STM32L1xx_StdPeriph_Driver/src/misc.o
NVIC_SetVectorTable                               ./STM32L1xx_StdPeriph_Driver/src/misc.o
NVIC_SystemLPConfig                               ./STM32L1xx_StdPeriph_Driver/src/misc.o
OPAMP_Cmd                                         ./STM32L1xx_StdPeriph_Driver/src/stm32l1xx_opamp.o
OPAMP_DeInit                                      ./STM32L1xx_StdPeriph_Driver/src/stm32l1xx_opamp.o
OPAMP_GetFlagStatus                               ./STM32L1xx_StdPeriph_Driver/src/stm32l1xx_opamp.o
OPAMP_LowPowerCmd                                 ./STM32L1xx_StdPeriph_Driver/src/stm32l1xx_opamp.o
OPAMP_OffsetTrimConfig                            ./STM32L1xx_StdPeriph_Driver/src/stm32l1xx_opamp.o
OPAMP_OffsetTrimLowPowerConfig                    ./STM32L1xx_StdPeriph_Driver/src/stm32l1xx_opamp.o
OPAMP_OffsetTrimmingModeSelect                    ./STM32L1xx_StdPeriph_Driver/src/stm32l1xx_opamp.o
OPAMP_PowerRangeSelect                            ./STM32L1xx_StdPeriph_Driver/src/stm32l1xx_opamp.o
OPAMP_SwitchCmd                                   ./STM32L1xx_StdPeriph_Driver/src/stm32l1xx_opamp.o
PLLMulTable                                       ./CMSIS/src/system_stm32l1xx.o
PVD_IRQHandler                                    ./GNU/startup_stm32l1xx_md.o
PWR_ClearFlag                                     ./STM32L1xx_StdPeriph_Driver/src/stm32l1xx_pwr.o
PWR_DeInit                                        ./STM32L1xx_StdPeriph_Driver/src/stm32l1xx_pwr.o
PWR_EnterLowPowerRunMode                          ./STM32L1xx_StdPeriph_Driver/src/stm32l1xx_pwr.o
PWR_EnterSTANDBYMode                              ./STM32L1xx_StdPeriph_Driver/src/stm32l1xx_pwr.o
PWR_EnterSTOPMode                                 ./STM32L1xx_StdPeriph_Driver/src/stm32l1xx_pwr.o
PWR_EnterSleepMode                                ./STM32L1xx_StdPeriph_Driver/src/stm32l1xx_pwr.o
PWR_FastWakeUpCmd                                 ./STM32L1xx_StdPeriph_Driver/src/stm32l1xx_pwr.o
PWR_GetFlagStatus                                 ./STM32L1xx_StdPeriph_Driver/src/stm32l1xx_pwr.o
PWR_PVDCmd                                        ./STM32L1xx_StdPeriph_Driver/src/stm32l1xx_pwr.o
PWR_PVDLevelConfig                                ./STM32L1xx_StdPeriph_Driver/src/stm32l1xx_pwr.o
PWR_RTCAccessCmd                                  ./STM32L1xx_StdPeriph_Driver/src/stm32l1xx_pwr.o
PWR_UltraLowPowerCmd                              ./STM32L1xx_StdPeriph_Driver/src/stm32l1xx_pwr.o
PWR_VoltageScalingConfig                          ./STM32L1xx_StdPeriph_Driver/src/stm32l1xx_pwr.o
PWR_WakeUpPinCmd                                  ./STM32L1xx_StdPeriph_Driver/src/stm32l1xx_pwr.o
PendSV_Handler                                    ./User/stm32l1xx_it.o
PowerOf2_16bit                                    ./User/resources.o
                                                  ./User/algorithm.o
R                                                 ./main.o
RCC_AHBPeriphClockCmd                             ./STM32L1xx_StdPeriph_Driver/src/stm32l1xx_rcc.o
                                                  ./main.o
RCC_AHBPeriphClockLPModeCmd                       ./STM32L1xx_StdPeriph_Driver/src/stm32l1xx_rcc.o
RCC_AHBPeriphResetCmd                             ./STM32L1xx_StdPeriph_Driver/src/stm32l1xx_rcc.o
                                                  ./STM32L1xx_StdPeriph_Driver/src/stm32l1xx_gpio.o
                                                  ./STM32L1xx_StdPeriph_Driver/src/stm32l1xx_aes.o
RCC_APB1PeriphClockCmd                            ./STM32L1xx_StdPeriph_Driver/src/stm32l1xx_rcc.o
                                                  ./main.o
RCC_APB1PeriphClockLPModeCmd                      ./STM32L1xx_StdPeriph_Driver/src/stm32l1xx_rcc.o
RCC_APB1PeriphResetCmd                            ./STM32L1xx_StdPeriph_Driver/src/stm32l1xx_rcc.o
                                                  ./STM32L1xx_StdPeriph_Driver/src/stm32l1xx_wwdg.o
                                                  ./STM32L1xx_StdPeriph_Driver/src/stm32l1xx_usart.o
                                                  ./STM32L1xx_StdPeriph_Driver/src/stm32l1xx_tim.o
                                                  ./STM32L1xx_StdPeriph_Driver/src/stm32l1xx_spi.o
                                                  ./STM32L1xx_StdPeriph_Driver/src/stm32l1xx_pwr.o
                                                  ./STM32L1xx_StdPeriph_Driver/src/stm32l1xx_lcd.o
                                                  ./STM32L1xx_StdPeriph_Driver/src/stm32l1xx_i2c.o
                                                  ./STM32L1xx_StdPeriph_Driver/src/stm32l1xx_dac.o
RCC_APB2PeriphClockCmd                            ./STM32L1xx_StdPeriph_Driver/src/stm32l1xx_rcc.o
                                                  ./main.o
RCC_APB2PeriphClockLPModeCmd                      ./STM32L1xx_StdPeriph_Driver/src/stm32l1xx_rcc.o
RCC_APB2PeriphResetCmd                            ./STM32L1xx_StdPeriph_Driver/src/stm32l1xx_rcc.o
                                                  ./STM32L1xx_StdPeriph_Driver/src/stm32l1xx_usart.o
                                                  ./STM32L1xx_StdPeriph_Driver/src/stm32l1xx_tim.o
                                                  ./STM32L1xx_StdPeriph_Driver/src/stm32l1xx_syscfg.o
                                                  ./STM32L1xx_StdPeriph_Driver/src/stm32l1xx_spi.o
                                                  ./STM32L1xx_StdPeriph_Driver/src/stm32l1xx_sdio.o
                                                  ./STM32L1xx_StdPeriph_Driver/src/stm32l1xx_adc.o
RCC_AdjustHSICalibrationValue                     ./STM32L1xx_StdPeriph_Driver/src/stm32l1xx_rcc.o
RCC_AdjustMSICalibrationValue                     ./STM32L1xx_StdPeriph_Driver/src/stm32l1xx_rcc.o
RCC_ClearFlag                                     ./STM32L1xx_StdPeriph_Driver/src/stm32l1xx_rcc.o
RCC_ClearITPendingBit                             ./STM32L1xx_StdPeriph_Driver/src/stm32l1xx_rcc.o
RCC_ClockSecuritySystemCmd                        ./STM32L1xx_StdPeriph_Driver/src/stm32l1xx_rcc.o
RCC_DeInit                                        ./STM32L1xx_StdPeriph_Driver/src/stm32l1xx_rcc.o
RCC_GetClocksFreq                                 ./STM32L1xx_StdPeriph_Driver/src/stm32l1xx_rcc.o
                                                  ./STM32L1xx_StdPeriph_Driver/src/stm32l1xx_usart.o
                                                  ./STM32L1xx_StdPeriph_Driver/src/stm32l1xx_spi.o
                                                  ./STM32L1xx_StdPeriph_Driver/src/stm32l1xx_i2c.o
RCC_GetFlagStatus                                 ./STM32L1xx_StdPeriph_Driver/src/stm32l1xx_rcc.o
RCC_GetITStatus                                   ./STM32L1xx_StdPeriph_Driver/src/stm32l1xx_rcc.o
RCC_GetSYSCLKSource                               ./STM32L1xx_StdPeriph_Driver/src/stm32l1xx_rcc.o
RCC_HCLKConfig                                    ./STM32L1xx_StdPeriph_Driver/src/stm32l1xx_rcc.o
RCC_HSEConfig                                     ./STM32L1xx_StdPeriph_Driver/src/stm32l1xx_rcc.o
RCC_HSICmd                                        ./STM32L1xx_StdPeriph_Driver/src/stm32l1xx_rcc.o
RCC_IRQHandler                                    ./GNU/startup_stm32l1xx_md.o
RCC_ITConfig                                      ./STM32L1xx_StdPeriph_Driver/src/stm32l1xx_rcc.o
RCC_LSEClockSecuritySystemCmd                     ./STM32L1xx_StdPeriph_Driver/src/stm32l1xx_rcc.o
RCC_LSEConfig                                     ./STM32L1xx_StdPeriph_Driver/src/stm32l1xx_rcc.o
RCC_LSICmd                                        ./STM32L1xx_StdPeriph_Driver/src/stm32l1xx_rcc.o
RCC_MCOConfig                                     ./STM32L1xx_StdPeriph_Driver/src/stm32l1xx_rcc.o
RCC_MSICmd                                        ./STM32L1xx_StdPeriph_Driver/src/stm32l1xx_rcc.o
RCC_MSIRangeConfig                                ./STM32L1xx_StdPeriph_Driver/src/stm32l1xx_rcc.o
RCC_PCLK1Config                                   ./STM32L1xx_StdPeriph_Driver/src/stm32l1xx_rcc.o
RCC_PCLK2Config                                   ./STM32L1xx_StdPeriph_Driver/src/stm32l1xx_rcc.o
RCC_PLLCmd                                        ./STM32L1xx_StdPeriph_Driver/src/stm32l1xx_rcc.o
RCC_PLLConfig                                     ./STM32L1xx_StdPeriph_Driver/src/stm32l1xx_rcc.o
RCC_RTCCLKCmd                                     ./STM32L1xx_StdPeriph_Driver/src/stm32l1xx_rcc.o
RCC_RTCCLKConfig                                  ./STM32L1xx_StdPeriph_Driver/src/stm32l1xx_rcc.o
RCC_RTCResetCmd                                   ./STM32L1xx_StdPeriph_Driver/src/stm32l1xx_rcc.o
RCC_SYSCLKConfig                                  ./STM32L1xx_StdPeriph_Driver/src/stm32l1xx_rcc.o
RCC_WaitForHSEStartUp                             ./STM32L1xx_StdPeriph_Driver/src/stm32l1xx_rcc.o
RTC_AlarmCmd                                      ./STM32L1xx_StdPeriph_Driver/src/stm32l1xx_rtc.o
RTC_AlarmStructInit                               ./STM32L1xx_StdPeriph_Driver/src/stm32l1xx_rtc.o
RTC_AlarmSubSecondConfig                          ./STM32L1xx_StdPeriph_Driver/src/stm32l1xx_rtc.o
RTC_Alarm_IRQHandler                              ./GNU/startup_stm32l1xx_md.o
RTC_BypassShadowCmd                               ./STM32L1xx_StdPeriph_Driver/src/stm32l1xx_rtc.o
RTC_CalibOutputCmd                                ./STM32L1xx_StdPeriph_Driver/src/stm32l1xx_rtc.o
RTC_CalibOutputConfig                             ./STM32L1xx_StdPeriph_Driver/src/stm32l1xx_rtc.o
RTC_ClearFlag                                     ./STM32L1xx_StdPeriph_Driver/src/stm32l1xx_rtc.o
RTC_ClearITPendingBit                             ./STM32L1xx_StdPeriph_Driver/src/stm32l1xx_rtc.o
RTC_CoarseCalibCmd                                ./STM32L1xx_StdPeriph_Driver/src/stm32l1xx_rtc.o
RTC_CoarseCalibConfig                             ./STM32L1xx_StdPeriph_Driver/src/stm32l1xx_rtc.o
RTC_DateStructInit                                ./STM32L1xx_StdPeriph_Driver/src/stm32l1xx_rtc.o
RTC_DayLightSavingConfig                          ./STM32L1xx_StdPeriph_Driver/src/stm32l1xx_rtc.o
RTC_DeInit                                        ./STM32L1xx_StdPeriph_Driver/src/stm32l1xx_rtc.o
RTC_EnterInitMode                                 ./STM32L1xx_StdPeriph_Driver/src/stm32l1xx_rtc.o
RTC_ExitInitMode                                  ./STM32L1xx_StdPeriph_Driver/src/stm32l1xx_rtc.o
RTC_GetAlarm                                      ./STM32L1xx_StdPeriph_Driver/src/stm32l1xx_rtc.o
RTC_GetAlarmSubSecond                             ./STM32L1xx_StdPeriph_Driver/src/stm32l1xx_rtc.o
RTC_GetDate                                       ./STM32L1xx_StdPeriph_Driver/src/stm32l1xx_rtc.o
RTC_GetFlagStatus                                 ./STM32L1xx_StdPeriph_Driver/src/stm32l1xx_rtc.o
RTC_GetITStatus                                   ./STM32L1xx_StdPeriph_Driver/src/stm32l1xx_rtc.o
RTC_GetStoreOperation                             ./STM32L1xx_StdPeriph_Driver/src/stm32l1xx_rtc.o
RTC_GetSubSecond                                  ./STM32L1xx_StdPeriph_Driver/src/stm32l1xx_rtc.o
RTC_GetTime                                       ./STM32L1xx_StdPeriph_Driver/src/stm32l1xx_rtc.o
RTC_GetTimeStamp                                  ./STM32L1xx_StdPeriph_Driver/src/stm32l1xx_rtc.o
RTC_GetTimeStampSubSecond                         ./STM32L1xx_StdPeriph_Driver/src/stm32l1xx_rtc.o
RTC_GetWakeUpCounter                              ./STM32L1xx_StdPeriph_Driver/src/stm32l1xx_rtc.o
RTC_ITConfig                                      ./STM32L1xx_StdPeriph_Driver/src/stm32l1xx_rtc.o
RTC_Init                                          ./STM32L1xx_StdPeriph_Driver/src/stm32l1xx_rtc.o
RTC_OutputConfig                                  ./STM32L1xx_StdPeriph_Driver/src/stm32l1xx_rtc.o
RTC_OutputTypeConfig                              ./STM32L1xx_StdPeriph_Driver/src/stm32l1xx_rtc.o
RTC_ReadBackupRegister                            ./STM32L1xx_StdPeriph_Driver/src/stm32l1xx_rtc.o
RTC_RefClockCmd                                   ./STM32L1xx_StdPeriph_Driver/src/stm32l1xx_rtc.o
RTC_SetAlarm                                      ./STM32L1xx_StdPeriph_Driver/src/stm32l1xx_rtc.o
RTC_SetDate                                       ./STM32L1xx_StdPeriph_Driver/src/stm32l1xx_rtc.o
RTC_SetTime                                       ./STM32L1xx_StdPeriph_Driver/src/stm32l1xx_rtc.o
RTC_SetWakeUpCounter                              ./STM32L1xx_StdPeriph_Driver/src/stm32l1xx_rtc.o
RTC_SmoothCalibConfig                             ./STM32L1xx_StdPeriph_Driver/src/stm32l1xx_rtc.o
RTC_StructInit                                    ./STM32L1xx_StdPeriph_Driver/src/stm32l1xx_rtc.o
RTC_SynchroShiftConfig                            ./STM32L1xx_StdPeriph_Driver/src/stm32l1xx_rtc.o
RTC_TamperCmd                                     ./STM32L1xx_StdPeriph_Driver/src/stm32l1xx_rtc.o
RTC_TamperFilterConfig                            ./STM32L1xx_StdPeriph_Driver/src/stm32l1xx_rtc.o
RTC_TamperPinsPrechargeDuration                   ./STM32L1xx_StdPeriph_Driver/src/stm32l1xx_rtc.o
RTC_TamperPullUpCmd                               ./STM32L1xx_StdPeriph_Driver/src/stm32l1xx_rtc.o
RTC_TamperSamplingFreqConfig                      ./STM32L1xx_StdPeriph_Driver/src/stm32l1xx_rtc.o
RTC_TamperTriggerConfig                           ./STM32L1xx_StdPeriph_Driver/src/stm32l1xx_rtc.o
RTC_TimeStampCmd                                  ./STM32L1xx_StdPeriph_Driver/src/stm32l1xx_rtc.o
RTC_TimeStampOnTamperDetectionCmd                 ./STM32L1xx_StdPeriph_Driver/src/stm32l1xx_rtc.o
RTC_TimeStructInit                                ./STM32L1xx_StdPeriph_Driver/src/stm32l1xx_rtc.o
RTC_WKUP_IRQHandler                               ./GNU/startup_stm32l1xx_md.o
RTC_WaitForSynchro                                ./STM32L1xx_StdPeriph_Driver/src/stm32l1xx_rtc.o
RTC_WakeUpClockConfig                             ./STM32L1xx_StdPeriph_Driver/src/stm32l1xx_rtc.o
RTC_WakeUpCmd                                     ./STM32L1xx_StdPeriph_Driver/src/stm32l1xx_rtc.o
RTC_WriteBackupRegister                           ./STM32L1xx_StdPeriph_Driver/src/stm32l1xx_rtc.o
RTC_WriteProtectionCmd                            ./STM32L1xx_StdPeriph_Driver/src/stm32l1xx_rtc.o
Reset_Handler                                     ./GNU/startup_stm32l1xx_md.o
SDIO_CEATAITCmd                                   ./STM32L1xx_StdPeriph_Driver/src/stm32l1xx_sdio.o
SDIO_ClearFlag                                    ./STM32L1xx_StdPeriph_Driver/src/stm32l1xx_sdio.o
SDIO_ClearITPendingBit                            ./STM32L1xx_StdPeriph_Driver/src/stm32l1xx_sdio.o
SDIO_ClockCmd                                     ./STM32L1xx_StdPeriph_Driver/src/stm32l1xx_sdio.o
SDIO_CmdStructInit                                ./STM32L1xx_StdPeriph_Driver/src/stm32l1xx_sdio.o
SDIO_CommandCompletionCmd                         ./STM32L1xx_StdPeriph_Driver/src/stm32l1xx_sdio.o
SDIO_DMACmd                                       ./STM32L1xx_StdPeriph_Driver/src/stm32l1xx_sdio.o
SDIO_DataConfig                                   ./STM32L1xx_StdPeriph_Driver/src/stm32l1xx_sdio.o
SDIO_DataStructInit                               ./STM32L1xx_StdPeriph_Driver/src/stm32l1xx_sdio.o
SDIO_DeInit                                       ./STM32L1xx_StdPeriph_Driver/src/stm32l1xx_sdio.o
SDIO_GetCommandResponse                           ./STM32L1xx_StdPeriph_Driver/src/stm32l1xx_sdio.o
SDIO_GetDataCounter                               ./STM32L1xx_StdPeriph_Driver/src/stm32l1xx_sdio.o
SDIO_GetFIFOCount                                 ./STM32L1xx_StdPeriph_Driver/src/stm32l1xx_sdio.o
SDIO_GetFlagStatus                                ./STM32L1xx_StdPeriph_Driver/src/stm32l1xx_sdio.o
SDIO_GetITStatus                                  ./STM32L1xx_StdPeriph_Driver/src/stm32l1xx_sdio.o
SDIO_GetPowerState                                ./STM32L1xx_StdPeriph_Driver/src/stm32l1xx_sdio.o
SDIO_GetResponse                                  ./STM32L1xx_StdPeriph_Driver/src/stm32l1xx_sdio.o
SDIO_ITConfig                                     ./STM32L1xx_StdPeriph_Driver/src/stm32l1xx_sdio.o
SDIO_Init                                         ./STM32L1xx_StdPeriph_Driver/src/stm32l1xx_sdio.o
SDIO_ReadData                                     ./STM32L1xx_StdPeriph_Driver/src/stm32l1xx_sdio.o
SDIO_SendCEATACmd                                 ./STM32L1xx_StdPeriph_Driver/src/stm32l1xx_sdio.o
SDIO_SendCommand                                  ./STM32L1xx_StdPeriph_Driver/src/stm32l1xx_sdio.o
SDIO_SendSDIOSuspendCmd                           ./STM32L1xx_StdPeriph_Driver/src/stm32l1xx_sdio.o
SDIO_SetPowerState                                ./STM32L1xx_StdPeriph_Driver/src/stm32l1xx_sdio.o
SDIO_SetSDIOOperation                             ./STM32L1xx_StdPeriph_Driver/src/stm32l1xx_sdio.o
SDIO_SetSDIOReadWaitMode                          ./STM32L1xx_StdPeriph_Driver/src/stm32l1xx_sdio.o
SDIO_StartSDIOReadWait                            ./STM32L1xx_StdPeriph_Driver/src/stm32l1xx_sdio.o
SDIO_StopSDIOReadWait                             ./STM32L1xx_StdPeriph_Driver/src/stm32l1xx_sdio.o
SDIO_StructInit                                   ./STM32L1xx_StdPeriph_Driver/src/stm32l1xx_sdio.o
SDIO_WriteData                                    ./STM32L1xx_StdPeriph_Driver/src/stm32l1xx_sdio.o
SPI1_IRQHandler                                   ./GNU/startup_stm32l1xx_md.o
SPI2_IRQHandler                                   ./GNU/startup_stm32l1xx_md.o
SPI_BiDirectionalLineConfig                       ./STM32L1xx_StdPeriph_Driver/src/stm32l1xx_spi.o
SPI_CalculateCRC                                  ./STM32L1xx_StdPeriph_Driver/src/stm32l1xx_spi.o
SPI_Cmd                                           ./STM32L1xx_StdPeriph_Driver/src/stm32l1xx_spi.o
SPI_DataSizeConfig                                ./STM32L1xx_StdPeriph_Driver/src/stm32l1xx_spi.o
SPI_GetCRC                                        ./STM32L1xx_StdPeriph_Driver/src/stm32l1xx_spi.o
SPI_GetCRCPolynomial                              ./STM32L1xx_StdPeriph_Driver/src/stm32l1xx_spi.o
SPI_I2S_ClearFlag                                 ./STM32L1xx_StdPeriph_Driver/src/stm32l1xx_spi.o
SPI_I2S_ClearITPendingBit                         ./STM32L1xx_StdPeriph_Driver/src/stm32l1xx_spi.o
SPI_I2S_DMACmd                                    ./STM32L1xx_StdPeriph_Driver/src/stm32l1xx_spi.o
SPI_I2S_DeInit                                    ./STM32L1xx_StdPeriph_Driver/src/stm32l1xx_spi.o
SPI_I2S_GetFlagStatus                             ./STM32L1xx_StdPeriph_Driver/src/stm32l1xx_spi.o
SPI_I2S_GetITStatus                               ./STM32L1xx_StdPeriph_Driver/src/stm32l1xx_spi.o
SPI_I2S_ITConfig                                  ./STM32L1xx_StdPeriph_Driver/src/stm32l1xx_spi.o
SPI_I2S_ReceiveData                               ./STM32L1xx_StdPeriph_Driver/src/stm32l1xx_spi.o
SPI_I2S_SendData                                  ./STM32L1xx_StdPeriph_Driver/src/stm32l1xx_spi.o
SPI_Init                                          ./STM32L1xx_StdPeriph_Driver/src/stm32l1xx_spi.o
SPI_NSSInternalSoftwareConfig                     ./STM32L1xx_StdPeriph_Driver/src/stm32l1xx_spi.o
SPI_SSOutputCmd                                   ./STM32L1xx_StdPeriph_Driver/src/stm32l1xx_spi.o
SPI_StructInit                                    ./STM32L1xx_StdPeriph_Driver/src/stm32l1xx_spi.o
SPI_TransmitCRC                                   ./STM32L1xx_StdPeriph_Driver/src/stm32l1xx_spi.o
SVC_Handler                                       ./User/stm32l1xx_it.o
SYSCFG_DeInit                                     ./STM32L1xx_StdPeriph_Driver/src/stm32l1xx_syscfg.o
SYSCFG_EXTILineConfig                             ./STM32L1xx_StdPeriph_Driver/src/stm32l1xx_syscfg.o
SYSCFG_GetBootMode                                ./STM32L1xx_StdPeriph_Driver/src/stm32l1xx_syscfg.o
SYSCFG_MemoryRemapConfig                          ./STM32L1xx_StdPeriph_Driver/src/stm32l1xx_syscfg.o
SYSCFG_RIChannelSpeedConfig                       ./STM32L1xx_StdPeriph_Driver/src/stm32l1xx_syscfg.o
SYSCFG_RIDeInit                                   ./STM32L1xx_StdPeriph_Driver/src/stm32l1xx_syscfg.o
SYSCFG_RIHysteresisConfig                         ./STM32L1xx_StdPeriph_Driver/src/stm32l1xx_syscfg.o
SYSCFG_RIIOSwitchConfig                           ./STM32L1xx_StdPeriph_Driver/src/stm32l1xx_syscfg.o
SYSCFG_RIResistorConfig                           ./STM32L1xx_StdPeriph_Driver/src/stm32l1xx_syscfg.o
SYSCFG_RISwitchControlModeCmd                     ./STM32L1xx_StdPeriph_Driver/src/stm32l1xx_syscfg.o
SYSCFG_RITIMInputCaptureConfig                    ./STM32L1xx_StdPeriph_Driver/src/stm32l1xx_syscfg.o
SYSCFG_RITIMSelect                                ./STM32L1xx_StdPeriph_Driver/src/stm32l1xx_syscfg.o
SYSCFG_USBPuCmd                                   ./STM32L1xx_StdPeriph_Driver/src/stm32l1xx_syscfg.o
Sine1024_12bit                                    ./User/resources.o
                                                  ./main.o
Sine256_12bit                                     ./User/resources.o
Sine512_12bit                                     ./User/resources.o
SysTick_CLKSourceConfig                           ./STM32L1xx_StdPeriph_Driver/src/misc.o
SysTick_Handler                                   ./User/stm32l1xx_it.o
SystemCoreClock                                   ./CMSIS/src/system_stm32l1xx.o
SystemCoreClockUpdate                             ./CMSIS/src/system_stm32l1xx.o
SystemInit                                        ./CMSIS/src/system_stm32l1xx.o
                                                  ./GNU/startup_stm32l1xx_md.o
TAMPER_STAMP_IRQHandler                           ./GNU/startup_stm32l1xx_md.o
TIM10_IRQHandler                                  ./GNU/startup_stm32l1xx_md.o
TIM11_IRQHandler                                  ./GNU/startup_stm32l1xx_md.o
TIM2_IRQHandler                                   ./main.o
                                                  ./GNU/startup_stm32l1xx_md.o
TIM3_IRQHandler                                   ./GNU/startup_stm32l1xx_md.o
TIM4_IRQHandler                                   ./GNU/startup_stm32l1xx_md.o
TIM6_IRQHandler                                   ./GNU/startup_stm32l1xx_md.o
TIM7_IRQHandler                                   ./GNU/startup_stm32l1xx_md.o
TIM9_IRQHandler                                   ./GNU/startup_stm32l1xx_md.o
TIM_ARRPreloadConfig                              ./STM32L1xx_StdPeriph_Driver/src/stm32l1xx_tim.o
TIM_CCxCmd                                        ./STM32L1xx_StdPeriph_Driver/src/stm32l1xx_tim.o
TIM_ClearFlag                                     ./STM32L1xx_StdPeriph_Driver/src/stm32l1xx_tim.o
TIM_ClearITPendingBit                             ./STM32L1xx_StdPeriph_Driver/src/stm32l1xx_tim.o
                                                  ./main.o
TIM_ClearOC1Ref                                   ./STM32L1xx_StdPeriph_Driver/src/stm32l1xx_tim.o
TIM_ClearOC2Ref                                   ./STM32L1xx_StdPeriph_Driver/src/stm32l1xx_tim.o
TIM_ClearOC3Ref                                   ./STM32L1xx_StdPeriph_Driver/src/stm32l1xx_tim.o
TIM_ClearOC4Ref                                   ./STM32L1xx_StdPeriph_Driver/src/stm32l1xx_tim.o
TIM_Cmd                                           ./STM32L1xx_StdPeriph_Driver/src/stm32l1xx_tim.o
                                                  ./main.o
TIM_CounterModeConfig                             ./STM32L1xx_StdPeriph_Driver/src/stm32l1xx_tim.o
TIM_DMACmd                                        ./STM32L1xx_StdPeriph_Driver/src/stm32l1xx_tim.o
TIM_DMAConfig                                     ./STM32L1xx_StdPeriph_Driver/src/stm32l1xx_tim.o
TIM_DeInit                                        ./STM32L1xx_StdPeriph_Driver/src/stm32l1xx_tim.o
TIM_ETRClockMode1Config                           ./STM32L1xx_StdPeriph_Driver/src/stm32l1xx_tim.o
TIM_ETRClockMode2Config                           ./STM32L1xx_StdPeriph_Driver/src/stm32l1xx_tim.o
TIM_ETRConfig                                     ./STM32L1xx_StdPeriph_Driver/src/stm32l1xx_tim.o
TIM_EncoderInterfaceConfig                        ./STM32L1xx_StdPeriph_Driver/src/stm32l1xx_tim.o
TIM_ForcedOC1Config                               ./STM32L1xx_StdPeriph_Driver/src/stm32l1xx_tim.o
TIM_ForcedOC2Config                               ./STM32L1xx_StdPeriph_Driver/src/stm32l1xx_tim.o
TIM_ForcedOC3Config                               ./STM32L1xx_StdPeriph_Driver/src/stm32l1xx_tim.o
TIM_ForcedOC4Config                               ./STM32L1xx_StdPeriph_Driver/src/stm32l1xx_tim.o
TIM_GenerateEvent                                 ./STM32L1xx_StdPeriph_Driver/src/stm32l1xx_tim.o
TIM_GetCapture1                                   ./STM32L1xx_StdPeriph_Driver/src/stm32l1xx_tim.o
TIM_GetCapture2                                   ./STM32L1xx_StdPeriph_Driver/src/stm32l1xx_tim.o
TIM_GetCapture3                                   ./STM32L1xx_StdPeriph_Driver/src/stm32l1xx_tim.o
TIM_GetCapture4                                   ./STM32L1xx_StdPeriph_Driver/src/stm32l1xx_tim.o
TIM_GetCounter                                    ./STM32L1xx_StdPeriph_Driver/src/stm32l1xx_tim.o
TIM_GetFlagStatus                                 ./STM32L1xx_StdPeriph_Driver/src/stm32l1xx_tim.o
TIM_GetITStatus                                   ./STM32L1xx_StdPeriph_Driver/src/stm32l1xx_tim.o
                                                  ./main.o
TIM_GetPrescaler                                  ./STM32L1xx_StdPeriph_Driver/src/stm32l1xx_tim.o
TIM_ICInit                                        ./STM32L1xx_StdPeriph_Driver/src/stm32l1xx_tim.o
TIM_ICStructInit                                  ./STM32L1xx_StdPeriph_Driver/src/stm32l1xx_tim.o
TIM_ITConfig                                      ./STM32L1xx_StdPeriph_Driver/src/stm32l1xx_tim.o
                                                  ./main.o
TIM_ITRxExternalClockConfig                       ./STM32L1xx_StdPeriph_Driver/src/stm32l1xx_tim.o
TIM_InternalClockConfig                           ./STM32L1xx_StdPeriph_Driver/src/stm32l1xx_tim.o
TIM_OC1FastConfig                                 ./STM32L1xx_StdPeriph_Driver/src/stm32l1xx_tim.o
TIM_OC1Init                                       ./STM32L1xx_StdPeriph_Driver/src/stm32l1xx_tim.o
TIM_OC1PolarityConfig                             ./STM32L1xx_StdPeriph_Driver/src/stm32l1xx_tim.o
TIM_OC1PreloadConfig                              ./STM32L1xx_StdPeriph_Driver/src/stm32l1xx_tim.o
TIM_OC2FastConfig                                 ./STM32L1xx_StdPeriph_Driver/src/stm32l1xx_tim.o
TIM_OC2Init                                       ./STM32L1xx_StdPeriph_Driver/src/stm32l1xx_tim.o
TIM_OC2PolarityConfig                             ./STM32L1xx_StdPeriph_Driver/src/stm32l1xx_tim.o
TIM_OC2PreloadConfig                              ./STM32L1xx_StdPeriph_Driver/src/stm32l1xx_tim.o